Component: ARM Compiler 5.06 update 5 (build 528) Tool: armlink [4d35e2]

==============================================================================

Section Cross References

    startup_stm32f10x_hd.o(RESET) refers to startup_stm32f10x_hd.o(STACK) for __initial_sp
    startup_stm32f10x_hd.o(RESET) refers to startup_stm32f10x_hd.o(.text) for Reset_Handler
    startup_stm32f10x_hd.o(RESET) refers to stm32f10x_it.o(i.NMI_Handler) for NMI_Handler
    startup_stm32f10x_hd.o(RESET) refers to stm32f10x_it.o(i.HardFault_Handler) for HardFault_Handler
    startup_stm32f10x_hd.o(RESET) refers to stm32f10x_it.o(i.MemManage_Handler) for MemManage_Handler
    startup_stm32f10x_hd.o(RESET) refers to stm32f10x_it.o(i.BusFault_Handler) for BusFault_Handler
    startup_stm32f10x_hd.o(RESET) refers to stm32f10x_it.o(i.UsageFault_Handler) for UsageFault_Handler
    startup_stm32f10x_hd.o(RESET) refers to stm32f10x_it.o(i.SVC_Handler) for SVC_Handler
    startup_stm32f10x_hd.o(RESET) refers to stm32f10x_it.o(i.DebugMon_Handler) for DebugMon_Handler
    startup_stm32f10x_hd.o(RESET) refers to stm32f10x_it.o(i.PendSV_Handler) for PendSV_Handler
    startup_stm32f10x_hd.o(RESET) refers to stm32f10x_it.o(i.SysTick_Handler) for SysTick_Handler
    startup_stm32f10x_hd.o(RESET) refers to main.o(i.TIM1_UP_IRQHandler) for TIM1_UP_IRQHandler
    startup_stm32f10x_hd.o(RESET) refers to encoder.o(i.TIM2_IRQHandler) for TIM2_IRQHandler
    startup_stm32f10x_hd.o(RESET) refers to encoder.o(i.TIM4_IRQHandler) for TIM4_IRQHandler
    startup_stm32f10x_hd.o(RESET) refers to serial.o(i.USART2_IRQHandler) for USART2_IRQHandler
    startup_stm32f10x_hd.o(RESET) refers to main.o(i.TIM8_UP_IRQHandler) for TIM8_UP_IRQHandler
    startup_stm32f10x_hd.o(.text) refers to system_stm32f10x.o(i.SystemInit) for SystemInit
    startup_stm32f10x_hd.o(.text) refers to entry.o(.ARM.Collect$$$$00000000) for __main
    system_stm32f10x.o(i.SetSysClock) refers to system_stm32f10x.o(i.SetSysClockTo72) for SetSysClockTo72
    system_stm32f10x.o(i.SystemCoreClockUpdate) refers to system_stm32f10x.o(.data) for SystemCoreClock
    system_stm32f10x.o(i.SystemInit) refers to system_stm32f10x.o(i.SetSysClock) for SetSysClock
    stm32f10x_adc.o(i.ADC_DeInit) refers to stm32f10x_rcc.o(i.RCC_APB2PeriphResetCmd) for RCC_APB2PeriphResetCmd
    stm32f10x_bkp.o(i.BKP_DeInit) refers to stm32f10x_rcc.o(i.RCC_BackupResetCmd) for RCC_BackupResetCmd
    stm32f10x_can.o(i.CAN_DeInit) refers to stm32f10x_rcc.o(i.RCC_APB1PeriphResetCmd) for RCC_APB1PeriphResetCmd
    stm32f10x_can.o(i.CAN_GetITStatus) refers to stm32f10x_can.o(i.CheckITStatus) for CheckITStatus
    stm32f10x_cec.o(i.CEC_DeInit) refers to stm32f10x_rcc.o(i.RCC_APB1PeriphResetCmd) for RCC_APB1PeriphResetCmd
    stm32f10x_dac.o(i.DAC_DeInit) refers to stm32f10x_rcc.o(i.RCC_APB1PeriphResetCmd) for RCC_APB1PeriphResetCmd
    stm32f10x_flash.o(i.FLASH_EnableWriteProtection) refers to stm32f10x_flash.o(i.FLASH_WaitForLastOperation) for FLASH_WaitForLastOperation
    stm32f10x_flash.o(i.FLASH_EraseAllBank1Pages) refers to stm32f10x_flash.o(i.FLASH_WaitForLastBank1Operation) for FLASH_WaitForLastBank1Operation
    stm32f10x_flash.o(i.FLASH_EraseAllPages) refers to stm32f10x_flash.o(i.FLASH_WaitForLastOperation) for FLASH_WaitForLastOperation
    stm32f10x_flash.o(i.FLASH_EraseOptionBytes) refers to stm32f10x_flash.o(i.FLASH_GetReadOutProtectionStatus) for FLASH_GetReadOutProtectionStatus
    stm32f10x_flash.o(i.FLASH_EraseOptionBytes) refers to stm32f10x_flash.o(i.FLASH_WaitForLastOperation) for FLASH_WaitForLastOperation
    stm32f10x_flash.o(i.FLASH_ErasePage) refers to stm32f10x_flash.o(i.FLASH_WaitForLastOperation) for FLASH_WaitForLastOperation
    stm32f10x_flash.o(i.FLASH_ProgramHalfWord) refers to stm32f10x_flash.o(i.FLASH_WaitForLastOperation) for FLASH_WaitForLastOperation
    stm32f10x_flash.o(i.FLASH_ProgramOptionByteData) refers to stm32f10x_flash.o(i.FLASH_WaitForLastOperation) for FLASH_WaitForLastOperation
    stm32f10x_flash.o(i.FLASH_ProgramWord) refers to stm32f10x_flash.o(i.FLASH_WaitForLastOperation) for FLASH_WaitForLastOperation
    stm32f10x_flash.o(i.FLASH_ReadOutProtection) refers to stm32f10x_flash.o(i.FLASH_WaitForLastOperation) for FLASH_WaitForLastOperation
    stm32f10x_flash.o(i.FLASH_UserOptionByteConfig) refers to stm32f10x_flash.o(i.FLASH_WaitForLastOperation) for FLASH_WaitForLastOperation
    stm32f10x_flash.o(i.FLASH_WaitForLastBank1Operation) refers to stm32f10x_flash.o(i.FLASH_GetBank1Status) for FLASH_GetBank1Status
    stm32f10x_flash.o(i.FLASH_WaitForLastOperation) refers to stm32f10x_flash.o(i.FLASH_GetBank1Status) for FLASH_GetBank1Status
    stm32f10x_gpio.o(i.GPIO_AFIODeInit) refers to stm32f10x_rcc.o(i.RCC_APB2PeriphResetCmd) for RCC_APB2PeriphResetCmd
    stm32f10x_gpio.o(i.GPIO_DeInit) refers to stm32f10x_rcc.o(i.RCC_APB2PeriphResetCmd) for RCC_APB2PeriphResetCmd
[...]
    Removing delay.o(i.Delay_s), (24 bytes).
    Removing oled.o(i.OLED_ShowBinNum), (62 bytes).
    Removing oled.o(i.OLED_ShowHexNum), (84 bytes).
    Removing buzzer.o(i.Buzzer_Init), (52 bytes).
    Removing buzzer.o(i.Buzzer_OFF), (20 bytes).
    Removing buzzer.o(i.Buzzer_ON), (20 bytes).
    Removing buzzer.o(i.Buzzer_Turn), (44 bytes).
    Removing motor.o(i.Motor_SetSpeed), (30 bytes).
    Removing encoder.o(i.Get_TIM_Direction), (10 bytes).
    Removing serial.o(i.Serial_Pow), (20 bytes).
    Removing serial.o(i.Serial_SendArray), (26 bytes).
    Removing serial.o(i.Serial_SendNumber), (58 bytes).
    Removing serial.o(i.fputc), (16 bytes).
    Removing gray_track.o(i.digtal), (64 bytes).
    Removing gray_track.o(i.gpio_get), (24 bytes).
    Removing gray_track.o(i.track), (440 bytes).
    Removing gray_track.o(.constdata), (48 bytes).
    Removing mpu6050.o(i.MPU6050_GetID), (10 bytes).
    Removing madgwickahrs.o(i.getPitchRadians), (28 bytes).
    Removing madgwickahrs.o(i.getRollRadians), (28 bytes).
    Removing madgwickahrs.o(i.getYawRadians), (28 bytes).
    Removing madgwickahrs.o(i.update), (3628 bytes).
    Removing main.o(i.MPU6050Print), (372 bytes).

454 unused section(s) (total 22146 bytes) removed from the image.

==============================================================================

Image Symbol Table

    Local Symbols

    Symbol Name                              Value     Ov Type        Size  Object(Section)

    ../clib/microlib/division.c              0x00000000   Number         0  uldiv.o ABSOLUTE
    ../clib/microlib/division.c              0x00000000   Number         0  uidiv.o ABSOLUTE
    ../clib/microlib/errno.c                 0x00000000   Number         0  errno.o ABSOLUTE
    ../clib/microlib/init/entry.s            0x00000000   Number         0  entry10b.o ABSOLUTE
    ../clib/microlib/init/entry.s            0x00000000   Number         0  entry11a.o ABSOLUTE
    ../clib/microlib/init/entry.s            0x00000000   Number         0  entry5.o ABSOLUTE
    ../clib/microlib/init/entry.s            0x00000000   Number         0  entry8a.o ABSOLUTE
    ../clib/microlib/init/entry.s            0x00000000   Number         0  entry9b.o ABSOLUTE
    ../clib/microlib/init/entry.s            0x00000000   Number         0  entry11b.o ABSOLUTE
    ../clib/microlib/init/entry.s            0x00000000   Number         0  entry7a.o ABSOLUTE
    ../clib/microlib/init/entry.s            0x00000000   Number         0  entry10a.o ABSOLUTE
    ../clib/microlib/init/entry.s            0x00000000   Number         0  entry9a.o ABSOLUTE
    ../clib/microlib/init/entry.s            0x00000000   Number         0  entry7b.o ABSOLUTE
    ../clib/microlib/init/entry.s            0x00000000   Number         0  entry8b.o ABSOLUTE
    ../clib/microlib/init/entry.s            0x00000000   Number         0  entry.o ABSOLUTE
    ../clib/microlib/init/entry.s            0x00000000   Number         0  entry2.o ABSOLUTE
    ../clib/microlib/longlong.c              0x00000000   Number         0  llshl.o ABSOLUTE
    ../clib/microlib/longlong.c              0x00000000   Number         0  llsshr.o ABSOLUTE
    ../clib/microlib/longlong.c              0x00000000   Number         0  llushr.o ABSOLUTE
    ../clib/microlib/printf/printf.c         0x00000000   Number         0  printfa.o ABSOLUTE
    ../clib/microlib/stdio/streams.c         0x00000000   Number         0  stdout.o ABSOLUTE
    ../clib/microlib/string/memcpy.c         0x00000000   Number         0  memcpya.o ABSOLUTE
    ../clib/microlib/string/memcpy.c         0x00000000   Number         0  memcpyb.o ABSOLUTE
    ../clib/microlib/stubs.s                 0x00000000   Number         0  iusefp.o ABSOLUTE
    ../fplib/microlib/d2f.c                  0x00000000   Number         0  d2f.o ABSOLUTE
    ../fplib/microlib/f2d.c                  0x00000000   Number         0  f2d.o ABSOLUTE
    ../fplib/microlib/fpadd.c                0x00000000   Number         0  dadd.o ABSOLUTE
    ../fplib/microlib/fpadd.c                0x00000000   Number         0  fadd.o ABSOLUTE
    ../fplib/microlib/fpdiv.c                0x00000000   Number         0  fdiv.o ABSOLUTE
    ../fplib/microlib/fpdiv.c                0x00000000   Number         0  ddiv.o ABSOLUTE
    ../fplib/microlib/fpepilogue.c           0x00000000   Number         0  depilogue.o ABSOLUTE
    ../fplib/microlib/fpepilogue.c           0x00000000   Number         0  fepilogue.o ABSOLUTE
    ../fplib/microlib/fpfix.c                0x00000000   Number         0  ffixi.o ABSOLUTE
    ../fplib/microlib/fpfix.c                0x00000000   Number         0  dfixul.o ABSOLUTE
    ../fplib/microlib/fpfix.c                0x00000000   Number         0  ffixui.o ABSOLUTE
    ../fplib/microlib/fpflt.c                0x00000000   Number         0  dfltl.o ABSOLUTE
    ../fplib/microlib/fpflt.c                0x00000000   Number         0  fflti.o ABSOLUTE
    ../fplib/microlib/fpflt.c                0x00000000   Number         0  ffltui.o ABSOLUTE
    ../fplib/microlib/fpflt.c                0x00000000   Number         0  ffltl.o ABSOLUTE
    ../fplib/microlib/fpflt.c                0x00000000   Number         0  dfltui.o ABSOLUTE
    ../fplib/microlib/fpmul.c                0x00000000   Number         0  dmul.o ABSOLUTE
    ../fplib/microlib/fpmul.c                0x00000000   Number         0  fmul.o ABSOLUTE
    ../fplib/microlib/fpscalb.c              0x00000000   Number         0  fscalb.o ABSOLUTE
    ../fplib/microlib/fpsqrt.c               0x00000000   Number         0  fsqrt.o ABSOLUTE
    ../mathlib/asinf.c                       0x00000000   Number         0  asinf_x.o ABSOLUTE
    ../mathlib/asinf.c                       0x00000000   Number         0  asinf.o ABSOLUTE
    ../mathlib/atan2f.c                      0x00000000   Number         0  atan2f_x.o ABSOLUTE
    ../mathlib/atan2f.c                      0x00000000   Number         0  atan2f.o ABSOLUTE
    ../mathlib/fpclassifyf.c                 0x00000000   Number         0  fpclassifyf.o ABSOLUTE
    ../mathlib/funder.c                      0x00000000   Number         0  funder.o ABSOLUTE
    ../mathlib/sqrtf.c                       0x00000000   Number         0  sqrtf_x.o ABSOLUTE
    ../mathlib/sqrtf.c                       0x00000000   Number         0  sqrtf.o ABSOLUTE
    Hardware\Buzzer.c                        0x00000000   Number         0  buzzer.o ABSOLUTE
    Hardware\Encoder.c                       0x00000000   Number         0  encoder.o ABSOLUTE
    Hardware\Key.c                           0x00000000   Number         0  key.o ABSOLUTE
    Hardware\MPU6050.c                       0x00000000   Number         0  mpu6050.o ABSOLUTE
    Hardware\MadgwickAHRS.c                  0x00000000   Number         0  madgwickahrs.o ABSOLUTE
    Hardware\Motor.c                         0x00000000   Number         0  motor.o ABSOLUTE
    Hardware\MyI2C.c                         0x00000000   Number         0  myi2c.o ABSOLUTE
    Hardware\OLED.c                          0x00000000   Number         0  oled.o ABSOLUTE
    Hardware\PWM.c                           0x00000000   Number         0  pwm.o ABSOLUTE
    Hardware\Serial.c                        0x00000000   Number         0  serial.o ABSOLUTE
    Hardware\Timer.c                         0x00000000   Number         0  timer.o ABSOLUTE
    Hardware\gray_track.c                    0x00000000   Number         0  gray_track.o ABSOLUTE
    Hardware\pid.c                           0x00000000   Number         0  pid.o ABSOLUTE
    Library\misc.c                           0x00000000   Number         0  misc.o ABSOLUTE
    Library\stm32f10x_adc.c                  0x00000000   Number         0  stm32f10x_adc.o ABSOLUTE
    Library\stm32f10x_bkp.c                  0x00000000   Number         0  stm32f10x_bkp.o ABSOLUTE
    Library\stm32f10x_can.c                  0x00000000   Number         0  stm32f10x_can.o ABSOLUTE
    Library\stm32f10x_cec.c                  0x00000000   Number         0  stm32f10x_cec.o ABSOLUTE
    Library\stm32f10x_crc.c                  0x00000000   Number         0  stm32f10x_crc.o ABSOLUTE
    Library\stm32f10x_dac.c                  0x00000000   Number         0  stm32f10x_dac.o ABSOLUTE
    Library\stm32f10x_dbgmcu.c               0x00000000   Number         0  stm32f10x_dbgmcu.o ABSOLUTE
    Library\stm32f10x_dma.c                  0x00000000   Number         0  stm32f10x_dma.o ABSOLUTE
    Library\stm32f10x_exti.c                 0x00000000   Number         0  stm32f10x_exti.o ABSOLUTE
    Library\stm32f10x_flash.c                0x00000000   Number         0  stm32f10x_flash.o ABSOLUTE
    Library\stm32f10x_fsmc.c                 0x00000000   Number         0  stm32f10x_fsmc.o ABSOLUTE
    Library\stm32f10x_gpio.c                 0x00000000   Number         0  stm32f10x_gpio.o ABSOLUTE
    Library\stm32f10x_i2c.c                  0x00000000   Number         0  stm32f10x_i2c.o ABSOLUTE
    Library\stm32f10x_iwdg.c                 0x00000000   Number         0  stm32f10x_iwdg.o ABSOLUTE
    Library\stm32f10x_pwr.c                  0x00000000   Number         0  stm32f10x_pwr.o ABSOLUTE
    Library\stm32f10x_rcc.c                  0x00000000   Number         0  stm32f10x_rcc.o ABSOLUTE
    Library\stm32f10x_rtc.c                  0x00000000   Number         0  stm32f10x_rtc.o ABSOLUTE
    Library\stm32f10x_sdio.c                 0x00000000   Number         0  stm32f10x_sdio.o ABSOLUTE
    Library\stm32f10x_spi.c                  0x00000000   Number         0  stm32f10x_spi.o ABSOLUTE
    Library\stm32f10x_tim.c                  0x00000000   Number         0  stm32f10x_tim.o ABSOLUTE
    Library\stm32f10x_usart.c                0x00000000   Number         0  stm32f10x_usart.o ABSOLUTE
    Library\stm32f10x_wwdg.c                 0x00000000   Number         0  stm32f10x_wwdg.o ABSOLUTE
    Start\\core_cm3.c                        0x00000000   Number         0  core_cm3.o ABSOLUTE
    Start\core_cm3.c                         0x00000000   Number         0  core_cm3.o ABSOLUTE
    Start\startup_stm32f10x_hd.s             0x00000000   Number         0  startup_stm32f10x_hd.o ABSOLUTE
    Start\system_stm32f10x.c                 0x00000000   Number         0  system_stm32f10x.o ABSOLUTE
    System\Delay.c                           0x00000000   Number         0  delay.o ABSOLUTE
    User\main.c                              0x00000000   Number         0  main.o ABSOLUTE
    User\stm32f10x_it.c                      0x00000000   Number         0  stm32f10x_it.o ABSOLUTE
    cdrcmple.s                               0x00000000   Number         0  cdrcmple.o ABSOLUTE
    cfcmple.s                                0x00000000   Number         0  cfcmple.o ABSOLUTE
    cfrcmple.s                               0x00000000   Number         0  cfrcmple.o ABSOLUTE
    dc.s                                     0x00000000   Number         0  dc.o ABSOLUTE
    handlers.s                               0x00000000   Number         0  handlers.o ABSOLUTE
    init.s                                   0x00000000   Number         0  init.o ABSOLUTE
    RESET                                    0x08000000   Section      304  startup_stm32f10x_hd.o(RESET)
    .ARM.Collect$$$$00000000                 0x08000130   Section        0  entry.o(.ARM.Collect$$$$00000000)
    .ARM.Collect$$$$00000001                 0x08000130   Section        4  entry2.o(.ARM.Collect$$$$00000001)
    .ARM.Collect$$$$00000004                 0x08000134   Section        4  entry5.o(.ARM.Collect$$$$00000004)
    .ARM.Collect$$$$00000008                 0x08000138   Section        0  entry7b.o(.ARM.Collect$$$$00000008)
    .ARM.Collect$$$$0000000A                 0x08000138   Section        0  entry8b.o(.ARM.Collect$$$$0000000A)
    .ARM.Collect$$$$0000000B                 0x08000138   Section        8  entry9a.o(.ARM.Collect$$$$0000000B)
    .ARM.Collect$$$$0000000D                 0x08000140   Section        0  entry10a.o(.ARM.Collect$$$$0000000D)
    .ARM.Collect$$$$0000000F                 0x08000140   Section        0  entry11a.o(.ARM.Collect$$$$0000000F)
    .ARM.Collect$$$$00002712                 0x08000140   Section        4  entry2.o(.ARM.Collect$$$$00002712)
    __lit__00000000                          0x08000140   Data           4  entry2.o(.ARM.Collect$$$$00002712)
    .text                                    0x08000144   Section       36  startup_stm32f10x_hd.o(.text)
    .text                                    0x08000168   Section        0  fadd.o(.text)
    .text                                    0x08000218   Section        0  fmul.o(.text)
    .text                                    0x0800027c   Section        0  fdiv.o(.text)
    .text                                    0x080002f8   Section        0  dadd.o(.text)
    .text                                    0x08000446   Section        0  dmul.o(.text)
    .text                                    0x0800052a   Section        0  ddiv.o(.text)
    .text                                    0x08000608   Section        0  fflti.o(.text)
    .text                                    0x0800061a   Section        0  ffltui.o(.text)
    .text                                    0x08000624   Section        0  ffltl.o(.text)
    .text                                    0x08000650   Section        0  dfltui.o(.text)
    .text                                    0x0800066a   Section        0  dfltl.o(.text)
    .text                                    0x08000692   Section        0  ffixi.o(.text)
    .text                                    0x080006c4   Section        0  ffixui.o(.text)
    .text                                    0x080006ec   Section        0  f2d.o(.text)
    .text                                    0x08000712   Section        0  d2f.o(.text)
    .text                                    0x0800074c   Section       20  cfcmple.o(.text)
    .text                                    0x08000760   Section       20  cfrcmple.o(.text)
    .text                                    0x08000774   Section        0  uidiv.o(.text)
    .text                                    0x080007a0   Section        0  uldiv.o(.text)
    .text                                    0x08000802   Section        0  llshl.o(.text)
    .text                                    0x08000820   Section        0  llsshr.o(.text)
    .text                                    0x08000844   Section        0  fepilogue.o(.text)
    .text                                    0x08000844   Section        0  iusefp.o(.text)
    .text                                    0x080008b2   Section        0  fscalb.o(.text)
    .text                                    0x080008ca   Section        0  fsqrt.o(.text)
    .text                                    0x08000928   Section        0  depilogue.o(.text)
    .text                                    0x080009e2   Section        0  dfixul.o(.text)
    .text                                    0x08000a14   Section       48  cdrcmple.o(.text)
    .text                                    0x08000a44   Section       36  init.o(.text)
    .text                                    0x08000a68   Section        0  llushr.o(.text)
    i.BusFault_Handler                       0x08000a88   Section        0  stm32f10x_it.o(i.BusFault_Handler)
    i.DebugMon_Handler                       0x08000a8c   Section        0  stm32f10x_it.o(i.DebugMon_Handler)
    i.Delay_ms                               0x08000a8e   Section        0  delay.o(i.Delay_ms)
    i.Delay_us                               0x08000aa6   Section        0  delay.o(i.Delay_us)
    i.Encoder_Get                            0x08000ad4   Section        0  encoder.o(i.Encoder_Get)
    i.Encoder_Init_TIM2                      0x08000aec   Section        0  encoder.o(i.Encoder_Init_TIM2)
    i.Encoder_Init_TIM4                      0x08000b8c   Section        0  encoder.o(i.Encoder_Init_TIM4)
    i.Encoder_Init_TIM_All                   0x08000c34   Section        0  encoder.o(i.Encoder_Init_TIM_All)
    i.EularPrint                             0x08000c40   Section        0  main.o(i.EularPrint)
    i.GPIO_Init                              0x08000d40   Section        0  stm32f10x_gpio.o(i.GPIO_Init)
    i.GPIO_PinRemapConfig                    0x08000e58   Section        0  stm32f10x_gpio.o(i.GPIO_PinRemapConfig)
    i.GPIO_ReadInputDataBit                  0x08000ee8   Section        0  stm32f10x_gpio.o(i.GPIO_ReadInputDataBit)
    i.GPIO_ResetBits                         0x08000efa   Section        0  stm32f10x_gpio.o(i.GPIO_ResetBits)
    i.GPIO_SetBits                           0x08000efe   Section        0  stm32f10x_gpio.o(i.GPIO_SetBits)
    i.GPIO_WriteBit                          0x08000f02   Section        0  stm32f10x_gpio.o(i.GPIO_WriteBit)
    i.HardFault_Handler                      0x08000f0c   Section        0  stm32f10x_it.o(i.HardFault_Handler)
    i.Key_GetNum                             0x08000f10   Section        0  key.o(i.Key_GetNum)
    i.Key_Init                               0x08000f9c   Section        0  key.o(i.Key_Init)
    i.MPU6050_GetData                        0x08001008   Section        0  mpu6050.o(i.MPU6050_GetData)
    i.MPU6050_Init                           0x080010b4   Section        0  mpu6050.o(i.MPU6050_Init)
    i.MPU6050_ReadReg                        0x080010ec   Section        0  mpu6050.o(i.MPU6050_ReadReg)
    i.MPU6050_WriteReg                       0x0800112a   Section        0  mpu6050.o(i.MPU6050_WriteReg)
    i.MemManage_Handler                      0x08001158   Section        0  stm32f10x_it.o(i.MemManage_Handler)
    i.Motor_Init                             0x0800115c   Section        0  motor.o(i.Motor_Init)
    i.Motor_SetSpeedA                        0x0800119c   Section        0  motor.o(i.Motor_SetSpeedA)
    i.Motor_SetSpeedB                        0x080011e4   Section        0  motor.o(i.Motor_SetSpeedB)
    i.MyI2C_Init                             0x0800122c   Section        0  myi2c.o(i.MyI2C_Init)
    i.MyI2C_R_SDA                            0x08001264   Section        0  myi2c.o(i.MyI2C_R_SDA)
    i.MyI2C_ReceiveAck                       0x08001280   Section        0  myi2c.o(i.MyI2C_ReceiveAck)
    i.MyI2C_ReceiveByte                      0x0800129e   Section        0  myi2c.o(i.MyI2C_ReceiveByte)
    i.MyI2C_SendAck                          0x080012d2   Section        0  myi2c.o(i.MyI2C_SendAck)
    i.MyI2C_SendByte                         0x080012ea   Section        0  myi2c.o(i.MyI2C_SendByte)
    i.MyI2C_Start                            0x08001314   Section        0  myi2c.o(i.MyI2C_Start)
    i.MyI2C_Stop                             0x08001330   Section        0  myi2c.o(i.MyI2C_Stop)
    i.MyI2C_W_SCL                            0x08001348   Section        0  myi2c.o(i.MyI2C_W_SCL)
    i.MyI2C_W_SDA                            0x08001364   Section        0  myi2c.o(i.MyI2C_W_SDA)
    i.NMI_Handler                            0x08001380   Section        0  stm32f10x_it.o(i.NMI_Handler)
    i.NVIC_Init                              0x08001384   Section        0  misc.o(i.NVIC_Init)
    i.NVIC_PriorityGroupConfig               0x080013f4   Section        0  misc.o(i.NVIC_PriorityGroupConfig)
    i.OLED_Clear                             0x08001408   Section        0  oled.o(i.OLED_Clear)
    i.OLED_I2C_Init                          0x08001434   Section        0  oled.o(i.OLED_I2C_Init)
    i.OLED_I2C_SendByte                      0x08001490   Section        0  oled.o(i.OLED_I2C_SendByte)
    i.OLED_I2C_Start                         0x080014e8   Section        0  oled.o(i.OLED_I2C_Start)
    i.OLED_I2C_Stop                          0x08001520   Section        0  oled.o(i.OLED_I2C_Stop)
    i.OLED_Init                              0x0800154c   Section        0  oled.o(i.OLED_Init)
    i.OLED_Pow                               0x080015fa   Section        0  oled.o(i.OLED_Pow)
    i.OLED_SetCursor                         0x0800160e   Section        0  oled.o(i.OLED_SetCursor)
    i.OLED_ShowChar                          0x08001630   Section        0  oled.o(i.OLED_ShowChar)
    i.OLED_ShowNum                           0x080016a4   Section        0  oled.o(i.OLED_ShowNum)
    i.OLED_ShowSignedNum                     0x080016e8   Section        0  oled.o(i.OLED_ShowSignedNum)
    i.OLED_ShowString                        0x0800174e   Section        0  oled.o(i.OLED_ShowString)
    i.OLED_WriteCommand                      0x08001776   Section        0  oled.o(i.OLED_WriteCommand)
    i.OLED_WriteData                         0x08001796   Section        0  oled.o(i.OLED_WriteData)
    i.PWM_Init                               0x080017b8   Section        0  pwm.o(i.PWM_Init)
    i.PWM_SetCompare1                        0x08001864   Section        0  pwm.o(i.PWM_SetCompare1)
    i.PWM_SetCompare2                        0x08001878   Section        0  pwm.o(i.PWM_SetCompare2)
    i.PendSV_Handler                         0x0800188c   Section        0  stm32f10x_it.o(i.PendSV_Handler)
    i.RCC_APB1PeriphClockCmd                 0x08001890   Section        0  stm32f10x_rcc.o(i.RCC_APB1PeriphClockCmd)
    i.RCC_APB2PeriphClockCmd                 0x080018b0   Section        0  stm32f10x_rcc.o(i.RCC_APB2PeriphClockCmd)
    i.RCC_GetClocksFreq                      0x080018d0   Section        0  stm32f10x_rcc.o(i.RCC_GetClocksFreq)
    i.SVC_Handler                            0x080019a4   Section        0  stm32f10x_it.o(i.SVC_Handler)
    i.Serial_Init                            0x080019a8   Section        0  serial.o(i.Serial_Init)
    i.Serial_Printf                          0x08001a5c   Section        0  serial.o(i.Serial_Printf)
    i.Serial_SendByte                        0x08001a80   Section        0  serial.o(i.Serial_SendByte)
    i.Serial_SendString                      0x08001aa0   Section        0  serial.o(i.Serial_SendString)
    i.SetSysClock                            0x08001aba   Section        0  system_stm32f10x.o(i.SetSysClock)
    SetSysClock                              0x08001abb   Thumb Code     8  system_stm32f10x.o(i.SetSysClock)
    i.SetSysClockTo72                        0x08001ac4   Section        0  system_stm32f10x.o(i.SetSysClockTo72)
    SetSysClockTo72                          0x08001ac5   Thumb Code   214  system_stm32f10x.o(i.SetSysClockTo72)
    i.SysTick_Handler                        0x08001ba4   Section        0  stm32f10x_it.o(i.SysTick_Handler)
    i.SystemInit                             0x08001ba8   Section        0  system_stm32f10x.o(i.SystemInit)
    i.TI1_Config                             0x08001c08   Section        0  stm32f10x_tim.o(i.TI1_Config)
    TI1_Config                               0x08001c09   Thumb Code   108  stm32f10x_tim.o(i.TI1_Config)
    i.TI2_Config                             0x08001c88   Section        0  stm32f10x_tim.o(i.TI2_Config)
    TI2_Config                               0x08001c89   Thumb Code   130  stm32f10x_tim.o(i.TI2_Config)
    i.TI3_Config                             0x08001d20   Section        0  stm32f10x_tim.o(i.TI3_Config)
    TI3_Config                               0x08001d21   Thumb Code   122  stm32f10x_tim.o(i.TI3_Config)
    i.TI4_Config                             0x08001db0   Section        0  stm32f10x_tim.o(i.TI4_Config)
    TI4_Config                               0x08001db1   Thumb Code   130  stm32f10x_tim.o(i.TI4_Config)
    i.TIM1_UP_IRQHandler                     0x08001e48   Section        0  main.o(i.TIM1_UP_IRQHandler)
    i.TIM2_IRQHandler                        0x08001eb8   Section        0  encoder.o(i.TIM2_IRQHandler)
    i.TIM4_IRQHandler                        0x08001ee4   Section        0  encoder.o(i.TIM4_IRQHandler)
    i.TIM8_Init                              0x08001f10   Section        0  timer.o(i.TIM8_Init)
    i.TIM8_UP_IRQHandler                     0x08001f70   Section        0  main.o(i.TIM8_UP_IRQHandler)
    i.TIM_ClearFlag                          0x08001fa0   Section        0  stm32f10x_tim.o(i.TIM_ClearFlag)
    i.TIM_ClearITPendingBit                  0x08001fa6   Section        0  stm32f10x_tim.o(i.TIM_ClearITPendingBit)
    i.TIM_Cmd                                0x08001fac   Section        0  stm32f10x_tim.o(i.TIM_Cmd)
    i.TIM_EncoderInterfaceConfig             0x08001fc4   Section        0  stm32f10x_tim.o(i.TIM_EncoderInterfaceConfig)
    i.TIM_GetCounter                         0x08002006   Section        0  stm32f10x_tim.o(i.TIM_GetCounter)
    i.TIM_GetITStatus                        0x0800200c   Section        0  stm32f10x_tim.o(i.TIM_GetITStatus)
    i.TIM_ICInit                             0x08002030   Section        0  stm32f10x_tim.o(i.TIM_ICInit)
    i.TIM_ICStructInit                       0x080020dc   Section        0  stm32f10x_tim.o(i.TIM_ICStructInit)
    i.TIM_ITConfig                           0x080020ee   Section        0  stm32f10x_tim.o(i.TIM_ITConfig)
    i.TIM_InternalClockConfig                0x08002100   Section        0  stm32f10x_tim.o(i.TIM_InternalClockConfig)
    i.TIM_OC1Init                            0x0800210c   Section        0  stm32f10x_tim.o(i.TIM_OC1Init)
    i.TIM_OC2Init                            0x080021a4   Section        0  stm32f10x_tim.o(i.TIM_OC2Init)
    i.TIM_OCStructInit                       0x08002248   Section        0  stm32f10x_tim.o(i.TIM_OCStructInit)
    i.TIM_SetCompare1                        0x0800225c   Section        0  stm32f10x_tim.o(i.TIM_SetCompare1)
    i.TIM_SetCompare2                        0x08002260   Section        0  stm32f10x_tim.o(i.TIM_SetCompare2)
    i.TIM_SetCounter                         0x08002264   Section        0  stm32f10x_tim.o(i.TIM_SetCounter)
    i.TIM_SetIC1Prescaler                    0x08002268   Section        0  stm32f10x_tim.o(i.TIM_SetIC1Prescaler)
    i.TIM_SetIC2Prescaler                    0x0800227a   Section        0  stm32f10x_tim.o(i.TIM_SetIC2Prescaler)
    i.TIM_SetIC3Prescaler                    0x08002294   Section        0  stm32f10x_tim.o(i.TIM_SetIC3Prescaler)
    i.TIM_SetIC4Prescaler                    0x080022a6   Section        0  stm32f10x_tim.o(i.TIM_SetIC4Prescaler)
    i.TIM_TimeBaseInit                       0x080022c0   Section        0  stm32f10x_tim.o(i.TIM_TimeBaseInit)
    i.TIM_TimeBaseStructInit                 0x08002364   Section        0  stm32f10x_tim.o(i.TIM_TimeBaseStructInit)
    i.Timer_Init                             0x08002378   Section        0  timer.o(i.Timer_Init)
    i.USART2_IRQHandler                      0x080023f4   Section        0  serial.o(i.USART2_IRQHandler)
    i.USART_ClearITPendingBit                0x08002494   Section        0  stm32f10x_usart.o(i.USART_ClearITPendingBit)
    i.USART_Cmd                              0x080024b2   Section        0  stm32f10x_usart.o(i.USART_Cmd)
    i.USART_GetFlagStatus                    0x080024ca   Section        0  stm32f10x_usart.o(i.USART_GetFlagStatus)
    i.USART_GetITStatus                      0x080024e4   Section        0  stm32f10x_usart.o(i.USART_GetITStatus)
    i.USART_ITConfig                         0x08002538   Section        0  stm32f10x_usart.o(i.USART_ITConfig)
    i.USART_Init                             0x08002584   Section        0  stm32f10x_usart.o(i.USART_Init)
    i.USART_ReceiveData                      0x0800265c   Section        0  stm32f10x_usart.o(i.USART_ReceiveData)
    i.USART_SendData                         0x08002666   Section        0  stm32f10x_usart.o(i.USART_SendData)
    i.UsageFault_Handler                     0x0800266e   Section        0  stm32f10x_it.o(i.UsageFault_Handler)
    i.__0vsprintf                            0x08002674   Section        0  printfa.o(i.__0vsprintf)
    i.__ARM_fpclassifyf                      0x08002698   Section        0  fpclassifyf.o(i.__ARM_fpclassifyf)
    i.__mathlib_flt_infnan                   0x080026be   Section        0  funder.o(i.__mathlib_flt_infnan)
    i.__mathlib_flt_infnan2                  0x080026c4   Section        0  funder.o(i.__mathlib_flt_infnan2)
    i.__mathlib_flt_invalid                  0x080026c8   Section        0  funder.o(i.__mathlib_flt_invalid)
    i.__mathlib_flt_underflow                0x080026d0   Section        0  funder.o(i.__mathlib_flt_underflow)
    i.__scatterload_copy                     0x080026da   Section       14  handlers.o(i.__scatterload_copy)
    i.__scatterload_null                     0x080026e8   Section        2  handlers.o(i.__scatterload_null)
    i.__scatterload_zeroinit                 0x080026ea   Section       14  handlers.o(i.__scatterload_zeroinit)
    i.__set_errno                            0x080026f8   Section        0  errno.o(i.__set_errno)
    i._fp_digits                             0x08002704   Section        0  printfa.o(i._fp_digits)
    _fp_digits                               0x08002705   Thumb Code   366  printfa.o(i._fp_digits)
    i._printf_core                           0x08002888   Section        0  printfa.o(i._printf_core)
    _printf_core                             0x08002889   Thumb Code  1744  printfa.o(i._printf_core)
    i._printf_post_padding                   0x08002f64   Section        0  printfa.o(i._printf_post_padding)
    _printf_post_padding                     0x08002f65   Thumb Code    36  printfa.o(i._printf_post_padding)
    i._printf_pre_padding                    0x08002f88   Section        0  printfa.o(i._printf_pre_padding)
    _printf_pre_padding                      0x08002f89   Thumb Code    46  printfa.o(i._printf_pre_padding)
    i._sputc                                 0x08002fb6   Section        0  printfa.o(i._sputc)
    _sputc                                   0x08002fb7   Thumb Code    10  printfa.o(i._sputc)
    i.asinf                                  0x08002fc0   Section        0  asinf.o(i.asinf)
    i.atan2f                                 0x080030e4   Section        0  atan2f.o(i.atan2f)
    i.begin                                  0x08003340   Section        0  madgwickahrs.o(i.begin)
    i.computeAngles                          0x08003358   Section        0  madgwickahrs.o(i.computeAngles)
    i.dataGetAndFilter                       0x0800346c   Section        0  main.o(i.dataGetAndFilter)
    i.dataGetERROR                           0x080034dc   Section        0  main.o(i.dataGetERROR)
    i.getMPU6050Data                         0x080035c0   Section        0  main.o(i.getMPU6050Data)
    i.getPitch                               0x08003754   Section        0  madgwickahrs.o(i.getPitch)
    i.getRoll                                0x08003778   Section        0  madgwickahrs.o(i.getRoll)
    i.getYaw                                 0x0800379c   Section        0  madgwickahrs.o(i.getYaw)
    i.gpio_init                              0x080037cc   Section        0  gray_track.o(i.gpio_init)
    i.gray_init                              0x08003848   Section        0  gray_track.o(i.gray_init)
    i.initEncoder                            0x08003888   Section        0  encoder.o(i.initEncoder)
    i.initPID                                0x080038c0   Section        0  pid.o(i.initPID)
    i.invSqrt                                0x080038e0   Section        0  madgwickahrs.o(i.invSqrt)
    invSqrt                                  0x080038e1   Thumb Code   108  madgwickahrs.o(i.invSqrt)
    i.limit                                  0x08003950   Section        0  pid.o(i.limit)
    i.main                                   0x08003984   Section        0  main.o(i.main)
    i.motor_target_set                       0x08003c4c   Section        0  motor.o(i.motor_target_set)
    i.myCarControlCodeInit                   0x08003c6c   Section        0  main.o(i.myCarControlCodeInit)
    i.setPIDParam                            0x08003cfc   Section        0  pid.o(i.setPIDParam)
    i.setPIDTarget                           0x08003d04   Section        0  pid.o(i.setPIDTarget)
    i.sqrtf                                  0x08003d08   Section        0  sqrtf.o(i.sqrtf)
    i.updateEncoderLoopSimpleVersion         0x08003d34   Section        0  encoder.o(i.updateEncoderLoopSimpleVersion)
    i.updateIMU                              0x08003ee8   Section        0  madgwickahrs.o(i.updateIMU)
    i.updatePID                              0x080044c8   Section        0  pid.o(i.updatePID)
    .constdata                               0x08004538   Section     1520  oled.o(.constdata)
    .constdata                               0x08004b28   Section       16  main.o(.constdata)
    .data                                    0x20000000   Section       20  stm32f10x_rcc.o(.data)
    APBAHBPrescTable                         0x20000000   Data          16  stm32f10x_rcc.o(.data)
    ADCPrescTable                            0x20000010   Data           4  stm32f10x_rcc.o(.data)
    .data                                    0x20000014   Section        8  encoder.o(.data)
    .data                                    0x2000001c   Section        3  serial.o(.data)
    RxState                                  0x2000001d   Data           1  serial.o(.data)
    pRxPacket                                0x2000001e   Data           1  serial.o(.data)
    .data                                    0x20000020   Section       37  madgwickahrs.o(.data)
    .data                                    0x20000048   Section       80  main.o(.data)
    .data                                    0x20000098   Section        4  errno.o(.data)
    _errno                                   0x20000098   Data           4  errno.o(.data)
    .bss                                     0x2000009c   Section      100  serial.o(.bss)
    .bss                                     0x20000100   Section      272  main.o(.bss)
    STACK                                    0x20000210   Section     1024  startup_stm32f10x_hd.o(STACK)

    Global Symbols

    Symbol Name                              Value     Ov Type        Size  Object(Section)

    BuildAttributes$$THM_ISAv4$P$D$K$B$S$PE$A:L22UL41UL21$X:L11$S22US41US21$IEEE1$IW$USESV6$~STKCKD$USESV7$~SHL$OTIME$ROPI$IEEEX$EBA8$MICROLIB$REQ8$PRES8$EABIv2 0x00000000   Number         0  anon$$obj.o ABSOLUTE
    __ARM_use_no_argv                        0x00000000   Number         0  main.o ABSOLUTE
    __cpp_initialize__aeabi_                  - Undefined Weak Reference
    __cxa_finalize                            - Undefined Weak Reference
    __decompress                              - Undefined Weak Reference
    _clock_init                               - Undefined Weak Reference
    _microlib_exit                            - Undefined Weak Reference
    __Vectors_Size                           0x00000130   Number         0  startup_stm32f10x_hd.o ABSOLUTE
    __Vectors                                0x08000000   Data           4  startup_stm32f10x_hd.o(RESET)
    __Vectors_End                            0x08000130   Data           0  startup_stm32f10x_hd.o(RESET)
    __main                                   0x08000131   Thumb Code     0  entry.o(.ARM.Collect$$$$00000000)
    _main_stk                                0x08000131   Thumb Code     0  entry2.o(.ARM.Collect$$$$00000001)
    _main_scatterload                        0x08000135   Thumb Code     0  entry5.o(.ARM.Collect$$$$00000004)
    __main_after_scatterload                 0x08000139   Thumb Code     0  entry5.o(.ARM.Collect$$$$00000004)
    _main_clock                              0x08000139   Thumb Code     0  entry7b.o(.ARM.Collect$$$$00000008)
    _main_cpp_init                           0x08000139   Thumb Code     0  entry8b.o(.ARM.Collect$$$$0000000A)
    _main_init                               0x08000139   Thumb Code     0  entry9a.o(.ARM.Collect$$$$0000000B)
    __rt_final_cpp                           0x08000141   Thumb Code     0  entry10a.o(.ARM.Collect$$$$0000000D)
    __rt_final_exit                          0x08000141   Thumb Code     0  entry11a.o(.ARM.Collect$$$$0000000F)
    Reset_Handler                            0x08000145   Thumb Code     8  startup_stm32f10x_hd.o(.text)
    ADC1_2_IRQHandler                        0x0800015f   Thumb Code     0  startup_stm32f10x_hd.o(.text)
    ADC3_IRQHandler                          0x0800015f   Thumb Code     0  startup_stm32f10x_hd.o(.text)
    CAN1_RX1_IRQHandler                      0x0800015f   Thumb Code     0  startup_stm32f10x_hd.o(.text)
    CAN1_SCE_IRQHandler                      0x0800015f   Thumb Code     0  startup_stm32f10x_hd.o(.text)
    DMA1_Channel1_IRQHandler                 0x0800015f   Thumb Code     0  startup_stm32f10x_hd.o(.text)
    DMA1_Channel2_IRQHandler                 0x0800015f   Thumb Code     0  startup_stm32f10x_hd.o(.text)
    DMA1_Channel3_IRQHandler                 0x0800015f   Thumb Code     0  startup_stm32f10x_hd.o(.text)
    DMA1_Channel4_IRQHandler                 0x0800015f   Thumb Code     0  startup_stm32f10x_hd.o(.text)
    DMA1_Channel5_IRQHandler                 0x0800015f   Thumb Code     0  startup_stm32f10x_hd.o(.text)
    DMA1_Channel6_IRQHandler                 0x0800015f   Thumb Code     0  startup_stm32f10x_hd.o(.text)
    DMA1_Channel7_IRQHandler                 0x0800015f   Thumb Code     0  startup_stm32f10x_hd.o(.text)
    DMA2_Channel1_IRQHandler                 0x0800015f   Thumb Code     0  startup_stm32f10x_hd.o(.text)
    DMA2_Channel2_IRQHandler                 0x0800015f   Thumb Code     0  startup_stm32f10x_hd.o(.text)
    DMA2_Channel3_IRQHandler                 0x0800015f   Thumb Code     0  startup_stm32f10x_hd.o(.text)
    DMA2_Channel4_5_IRQHandler               0x0800015f   Thumb Code     0  startup_stm32f10x_hd.o(.text)
    EXTI0_IRQHandler                         0x0800015f   Thumb Code     0  startup_stm32f10x_hd.o(.text)
    EXTI15_10_IRQHandler                     0x0800015f   Thumb Code     0  startup_stm32f10x_hd.o(.text)
    EXTI1_IRQHandler                         0x0800015f   Thumb Code     0  startup_stm32f10x_hd.o(.text)
    EXTI2_IRQHandler                         0x0800015f   Thumb Code     0  startup_stm32f10x_hd.o(.text)
    EXTI3_IRQHandler                         0x0800015f   Thumb Code     0  startup_stm32f10x_hd.o(.text)
    EXTI4_IRQHandler                         0x0800015f   Thumb Code     0  startup_stm32f10x_hd.o(.text)
    EXTI9_5_IRQHandler                       0x0800015f   Thumb Code     0  startup_stm32f10x_hd.o(.text)
    FLASH_IRQHandler                         0x0800015f   Thumb Code     0  startup_stm32f10x_hd.o(.text)
    FSMC_IRQHandler                          0x0800015f   Thumb Code     0  startup_stm32f10x_hd.o(.text)
    I2C1_ER_IRQHandler                       0x0800015f   Thumb Code     0  startup_stm32f10x_hd.o(.text)
    I2C1_EV_IRQHandler                       0x0800015f   Thumb Code     0  startup_stm32f10x_hd.o(.text)
    I2C2_ER_IRQHandler                       0x0800015f   Thumb Code     0  startup_stm32f10x_hd.o(.text)
    I2C2_EV_IRQHandler                       0x0800015f   Thumb Code     0  startup_stm32f10x_hd.o(.text)
    PVD_IRQHandler                           0x0800015f   Thumb Code     0  startup_stm32f10x_hd.o(.text)
    RCC_IRQHandler                           0x0800015f   Thumb Code     0  startup_stm32f10x_hd.o(.text)
    RTCAlarm_IRQHandler                      0x0800015f   Thumb Code     0  startup_stm32f10x_hd.o(.text)
    RTC_IRQHandler                           0x0800015f   Thumb Code     0  startup_stm32f10x_hd.o(.text)
    SDIO_IRQHandler                          0x0800015f   Thumb Code     0  startup_stm32f10x_hd.o(.text)
    SPI1_IRQHandler                          0x0800015f   Thumb Code     0  startup_stm32f10x_hd.o(.text)
    SPI2_IRQHandler                          0x0800015f   Thumb Code     0  startup_stm32f10x_hd.o(.text)
    SPI3_IRQHandler                          0x0800015f   Thumb Code     0  startup_stm32f10x_hd.o(.text)
    TAMPER_IRQHandler                        0x0800015f   Thumb Code     0  startup_stm32f10x_hd.o(.text)
    TIM1_BRK_IRQHandler                      0x0800015f   Thumb Code     0  startup_stm32f10x_hd.o(.text)
    TIM1_CC_IRQHandler                       0x0800015f   Thumb Code     0  startup_stm32f10x_hd.o(.text)
    TIM1_TRG_COM_IRQHandler                  0x0800015f   Thumb Code     0  startup_stm32f10x_hd.o(.text)
    TIM3_IRQHandler                          0x0800015f   Thumb Code     0  startup_stm32f10x_hd.o(.text)
    TIM5_IRQHandler                          0x0800015f   Thumb Code     0  startup_stm32f10x_hd.o(.text)
    TIM6_IRQHandler                          0x0800015f   Thumb Code     0  startup_stm32f10x_hd.o(.text)
    TIM7_IRQHandler                          0x0800015f   Thumb Code     0  startup_stm32f10x_hd.o(.text)
    TIM8_BRK_IRQHandler                      0x0800015f   Thumb Code     0  startup_stm32f10x_hd.o(.text)
    TIM8_CC_IRQHandler                       0x0800015f   Thumb Code     0  startup_stm32f10x_hd.o(.text)
    TIM8_TRG_COM_IRQHandler                  0x0800015f   Thumb Code     0  startup_stm32f10x_hd.o(.text)
    UART4_IRQHandler                         0x0800015f   Thumb Code     0  startup_stm32f10x_hd.o(.text)
    UART5_IRQHandler                         0x0800015f   Thumb Code     0  startup_stm32f10x_hd.o(.text)
    USART1_IRQHandler                        0x0800015f   Thumb Code     0  startup_stm32f10x_hd.o(.text)
    USART3_IRQHandler                        0x0800015f   Thumb Code     0  startup_stm32f10x_hd.o(.text)
    USBWakeUp_IRQHandler                     0x0800015f   Thumb Code     0  startup_stm32f10x_hd.o(.text)
    USB_HP_CAN1_TX_IRQHandler                0x0800015f   Thumb Code     0  startup_stm32f10x_hd.o(.text)
    USB_LP_CAN1_RX0_IRQHandler               0x0800015f   Thumb Code     0  startup_stm32f10x_hd.o(.text)
    WWDG_IRQHandler                          0x0800015f   Thumb Code     0  startup_stm32f10x_hd.o(.text)
    __aeabi_fadd                             0x08000169   Thumb Code   164  fadd.o(.text)
    __aeabi_fsub                             0x0800020d   Thumb Code     6  fadd.o(.text)
    __aeabi_frsub                            0x08000213   Thumb Code     6  fadd.o(.text)
    __aeabi_fmul                             0x08000219   Thumb Code   100  fmul.o(.text)
    __aeabi_fdiv                             0x0800027d   Thumb Code   124  fdiv.o(.text)
    __aeabi_dadd                             0x080002f9   Thumb Code   322  dadd.o(.text)
    __aeabi_dsub                             0x0800043b   Thumb Code     6  dadd.o(.text)
    __aeabi_drsub                            0x08000441   Thumb Code     6  dadd.o(.text)
    __aeabi_dmul                             0x08000447   Thumb Code   228  dmul.o(.text)
    __aeabi_ddiv                             0x0800052b   Thumb Code   222  ddiv.o(.text)
    __aeabi_i2f                              0x08000609   Thumb Code    18  fflti.o(.text)
    __aeabi_ui2f                             0x0800061b   Thumb Code    10  ffltui.o(.text)
    __aeabi_l2f                              0x08000625   Thumb Code    44  ffltl.o(.text)
    __aeabi_ui2d                             0x08000651   Thumb Code    26  dfltui.o(.text)
    __aeabi_l2d                              0x0800066b   Thumb Code    40  dfltl.o(.text)
    __aeabi_f2iz                             0x08000693   Thumb Code    50  ffixi.o(.text)
    __aeabi_f2uiz                            0x080006c5   Thumb Code    40  ffixui.o(.text)
    __aeabi_f2d                              0x080006ed   Thumb Code    38  f2d.o(.text)
    __aeabi_d2f                              0x08000713   Thumb Code    56  d2f.o(.text)
    __aeabi_cfcmpeq                          0x0800074d   Thumb Code     0  cfcmple.o(.text)
    __aeabi_cfcmple                          0x0800074d   Thumb Code    20  cfcmple.o(.text)
    __aeabi_cfrcmple                         0x08000761   Thumb Code    20  cfrcmple.o(.text)
    __aeabi_uidiv                            0x08000775   Thumb Code     0  uidiv.o(.text)
    __aeabi_uidivmod                         0x08000775   Thumb Code    44  uidiv.o(.text)
    __aeabi_uldivmod                         0x080007a1   Thumb Code    98  uldiv.o(.text)
    __aeabi_llsl                             0x08000803   Thumb Code    30  llshl.o(.text)
    _ll_shift_l                              0x08000803   Thumb Code     0  llshl.o(.text)
    __aeabi_lasr                             0x08000821   Thumb Code    36  llsshr.o(.text)
    _ll_sshift_r                             0x08000821   Thumb Code     0  llsshr.o(.text)
    __I$use$fp                               0x08000845   Thumb Code     0  iusefp.o(.text)
    _float_round                             0x08000845   Thumb Code    18  fepilogue.o(.text)
    _float_epilogue                          0x08000857   Thumb Code    92  fepilogue.o(.text)
    __ARM_scalbnf                            0x080008b3   Thumb Code    24  fscalb.o(.text)
    scalbnf                                  0x080008b3   Thumb Code     0  fscalb.o(.text)
    _fsqrt                                   0x080008cb   Thumb Code    94  fsqrt.o(.text)
    _double_round                            0x08000929   Thumb Code    30  depilogue.o(.text)
    _double_epilogue                         0x08000947   Thumb Code   156  depilogue.o(.text)
    __aeabi_d2ulz                            0x080009e3   Thumb Code    48  dfixul.o(.text)
    __aeabi_cdrcmple                         0x08000a15   Thumb Code    48  cdrcmple.o(.text)
    __scatterload                            0x08000a45   Thumb Code    28  init.o(.text)
    __scatterload_rt2                        0x08000a45   Thumb Code     0  init.o(.text)
    __aeabi_llsr                             0x08000a69   Thumb Code    32  llushr.o(.text)
    _ll_ushift_r                             0x08000a69   Thumb Code     0  llushr.o(.text)
    BusFault_Handler                         0x08000a89   Thumb Code     4  stm32f10x_it.o(i.BusFault_Handler)
    DebugMon_Handler                         0x08000a8d   Thumb Code     2  stm32f10x_it.o(i.DebugMon_Handler)
    Delay_ms                                 0x08000a8f   Thumb Code    24  delay.o(i.Delay_ms)
    Delay_us                                 0x08000aa7   Thumb Code    46  delay.o(i.Delay_us)
    Encoder_Get                              0x08000ad5   Thumb Code    24  encoder.o(i.Encoder_Get)
    Encoder_Init_TIM2                        0x08000aed   Thumb Code   156  encoder.o(i.Encoder_Init_TIM2)
    Encoder_Init_TIM4                        0x08000b8d   Thumb Code   156  encoder.o(i.Encoder_Init_TIM4)
    Encoder_Init_TIM_All                     0x08000c35   Thumb Code    12  encoder.o(i.Encoder_Init_TIM_All)
    EularPrint                               0x08000c41   Thumb Code   226  main.o(i.EularPrint)
    GPIO_Init                                0x08000d41   Thumb Code   278  stm32f10x_gpio.o(i.GPIO_Init)
    GPIO_PinRemapConfig                      0x08000e59   Thumb Code   138  stm32f10x_gpio.o(i.GPIO_PinRemapConfig)
    GPIO_ReadInputDataBit                    0x08000ee9   Thumb Code    18  stm32f10x_gpio.o(i.GPIO_ReadInputDataBit)
    GPIO_ResetBits                           0x08000efb   Thumb Code     4  stm32f10x_gpio.o(i.GPIO_ResetBits)
    GPIO_SetBits                             0x08000eff   Thumb Code     4  stm32f10x_gpio.o(i.GPIO_SetBits)
    GPIO_WriteBit                            0x08000f03   Thumb Code    10  stm32f10x_gpio.o(i.GPIO_WriteBit)
    HardFault_Handler                        0x08000f0d   Thumb Code     4  stm32f10x_it.o(i.HardFault_Handler)
    Key_GetNum                               0x08000f11   Thumb Code   126  key.o(i.Key_GetNum)
    Key_Init                                 0x08000f9d   Thumb Code    94  key.o(i.Key_Init)
    MPU6050_GetData                          0x08001009   Thumb Code   172  mpu6050.o(i.MPU6050_GetData)
    MPU6050_Init                             0x080010b5   Thumb Code    56  mpu6050.o(i.MPU6050_Init)
    MPU6050_ReadReg                          0x080010ed   Thumb Code    62  mpu6050.o(i.MPU6050_ReadReg)
    MPU6050_WriteReg                         0x0800112b   Thumb Code    46  mpu6050.o(i.MPU6050_WriteReg)
    MemManage_Handler                        0x08001159   Thumb Code     4  stm32f10x_it.o(i.MemManage_Handler)
    Motor_Init                               0x0800115d   Thumb Code    60  motor.o(i.Motor_Init)
    Motor_SetSpeedA                          0x0800119d   Thumb Code    66  motor.o(i.Motor_SetSpeedA)
    Motor_SetSpeedB                          0x080011e5   Thumb Code    66  motor.o(i.Motor_SetSpeedB)
    MyI2C_Init                               0x0800122d   Thumb Code    50  myi2c.o(i.MyI2C_Init)
    MyI2C_R_SDA                              0x08001265   Thumb Code    24  myi2c.o(i.MyI2C_R_SDA)
    MyI2C_ReceiveAck                         0x08001281   Thumb Code    30  myi2c.o(i.MyI2C_ReceiveAck)
    MyI2C_ReceiveByte                        0x0800129f   Thumb Code    52  myi2c.o(i.MyI2C_ReceiveByte)
    MyI2C_SendAck                            0x080012d3   Thumb Code    24  myi2c.o(i.MyI2C_SendAck)
    MyI2C_SendByte                           0x080012eb   Thumb Code    42  myi2c.o(i.MyI2C_SendByte)
    MyI2C_Start                              0x08001315   Thumb Code    28  myi2c.o(i.MyI2C_Start)
    MyI2C_Stop                               0x08001331   Thumb Code    22  myi2c.o(i.MyI2C_Stop)
    MyI2C_W_SCL                              0x08001349   Thumb Code    24  myi2c.o(i.MyI2C_W_SCL)
    MyI2C_W_SDA                              0x08001365   Thumb Code    24  myi2c.o(i.MyI2C_W_SDA)
    NMI_Handler                              0x08001381   Thumb Code     2  stm32f10x_it.o(i.NMI_Handler)
    NVIC_Init                                0x08001385   Thumb Code   100  misc.o(i.NVIC_Init)
    NVIC_PriorityGroupConfig                 0x080013f5   Thumb Code    10  misc.o(i.NVIC_PriorityGroupConfig)
    OLED_Clear                               0x08001409   Thumb Code    42  oled.o(i.OLED_Clear)
    OLED_I2C_Init                            0x08001435   Thumb Code    84  oled.o(i.OLED_I2C_Init)
    OLED_I2C_SendByte                        0x08001491   Thumb Code    80  oled.o(i.OLED_I2C_SendByte)
    OLED_I2C_Start                           0x080014e9   Thumb Code    48  oled.o(i.OLED_I2C_Start)
    OLED_I2C_Stop                            0x08001521   Thumb Code    36  oled.o(i.OLED_I2C_Stop)
    OLED_Init                                0x0800154d   Thumb Code   174  oled.o(i.OLED_Init)
    OLED_Pow                                 0x080015fb   Thumb Code    20  oled.o(i.OLED_Pow)
    OLED_SetCursor                           0x0800160f   Thumb Code    34  oled.o(i.OLED_SetCursor)
    OLED_ShowChar                            0x08001631   Thumb Code   110  oled.o(i.OLED_ShowChar)
    OLED_ShowNum                             0x080016a5   Thumb Code    68  oled.o(i.OLED_ShowNum)
    OLED_ShowSignedNum                       0x080016e9   Thumb Code   102  oled.o(i.OLED_ShowSignedNum)
    OLED_ShowString                          0x0800174f   Thumb Code    40  oled.o(i.OLED_ShowString)
    OLED_WriteCommand                        0x08001777   Thumb Code    32  oled.o(i.OLED_WriteCommand)
    OLED_WriteData                           0x08001797   Thumb Code    32  oled.o(i.OLED_WriteData)
    PWM_Init                                 0x080017b9   Thumb Code   162  pwm.o(i.PWM_Init)
    PWM_SetCompare1                          0x08001865   Thumb Code    14  pwm.o(i.PWM_SetCompare1)
    PWM_SetCompare2                          0x08001879   Thumb Code    14  pwm.o(i.PWM_SetCompare2)
    PendSV_Handler                           0x0800188d   Thumb Code     2  stm32f10x_it.o(i.PendSV_Handler)
    RCC_APB1PeriphClockCmd                   0x08001891   Thumb Code    26  stm32f10x_rcc.o(i.RCC_APB1PeriphClockCmd)
    RCC_APB2PeriphClockCmd                   0x080018b1   Thumb Code    26  stm32f10x_rcc.o(i.RCC_APB2PeriphClockCmd)
    RCC_GetClocksFreq                        0x080018d1   Thumb Code   192  stm32f10x_rcc.o(i.RCC_GetClocksFreq)
    SVC_Handler                              0x080019a5   Thumb Code     2  stm32f10x_it.o(i.SVC_Handler)
    Serial_Init                              0x080019a9   Thumb Code   172  serial.o(i.Serial_Init)
    Serial_Printf                            0x08001a5d   Thumb Code    36  serial.o(i.Serial_Printf)
    Serial_SendByte                          0x08001a81   Thumb Code    28  serial.o(i.Serial_SendByte)
    Serial_SendString                        0x08001aa1   Thumb Code    26  serial.o(i.Serial_SendString)
    SysTick_Handler                          0x08001ba5   Thumb Code     2  stm32f10x_it.o(i.SysTick_Handler)
    SystemInit                               0x08001ba9   Thumb Code    78  system_stm32f10x.o(i.SystemInit)
    TIM1_UP_IRQHandler                       0x08001e49   Thumb Code    88  main.o(i.TIM1_UP_IRQHandler)
    TIM2_IRQHandler                          0x08001eb9   Thumb Code    40  encoder.o(i.TIM2_IRQHandler)
    TIM4_IRQHandler                          0x08001ee5   Thumb Code    34  encoder.o(i.TIM4_IRQHandler)
    TIM8_Init                                0x08001f11   Thumb Code    90  timer.o(i.TIM8_Init)
    TIM8_UP_IRQHandler                       0x08001f71   Thumb Code    40  main.o(i.TIM8_UP_IRQHandler)
    TIM_ClearFlag                            0x08001fa1   Thumb Code     6  stm32f10x_tim.o(i.TIM_ClearFlag)
    TIM_ClearITPendingBit                    0x08001fa7   Thumb Code     6  stm32f10x_tim.o(i.TIM_ClearITPendingBit)
    TIM_Cmd                                  0x08001fad   Thumb Code    24  stm32f10x_tim.o(i.TIM_Cmd)
    TIM_EncoderInterfaceConfig               0x08001fc5   Thumb Code    66  stm32f10x_tim.o(i.TIM_EncoderInterfaceConfig)
    TIM_GetCounter                           0x08002007   Thumb Code     6  stm32f10x_tim.o(i.TIM_GetCounter)
    TIM_GetITStatus                          0x0800200d   Thumb Code    34  stm32f10x_tim.o(i.TIM_GetITStatus)
    TIM_ICInit                               0x08002031   Thumb Code   150  stm32f10x_tim.o(i.TIM_ICInit)
    TIM_ICStructInit                         0x080020dd   Thumb Code    18  stm32f10x_tim.o(i.TIM_ICStructInit)
    TIM_ITConfig                             0x080020ef   Thumb Code    18  stm32f10x_tim.o(i.TIM_ITConfig)
    TIM_InternalClockConfig                  0x08002101   Thumb Code    12  stm32f10x_tim.o(i.TIM_InternalClockConfig)
    TIM_OC1Init                              0x0800210d   Thumb Code   132  stm32f10x_tim.o(i.TIM_OC1Init)
    TIM_OC2Init                              0x080021a5   Thumb Code   154  stm32f10x_tim.o(i.TIM_OC2Init)
    TIM_OCStructInit                         0x08002249   Thumb Code    20  stm32f10x_tim.o(i.TIM_OCStructInit)
    TIM_SetCompare1                          0x0800225d   Thumb Code     4  stm32f10x_tim.o(i.TIM_SetCompare1)
    TIM_SetCompare2                          0x08002261   Thumb Code     4  stm32f10x_tim.o(i.TIM_SetCompare2)
    TIM_SetCounter                           0x08002265   Thumb Code     4  stm32f10x_tim.o(i.TIM_SetCounter)
    TIM_SetIC1Prescaler                      0x08002269   Thumb Code    18  stm32f10x_tim.o(i.TIM_SetIC1Prescaler)
    TIM_SetIC2Prescaler                      0x0800227b   Thumb Code    26  stm32f10x_tim.o(i.TIM_SetIC2Prescaler)
    TIM_SetIC3Prescaler                      0x08002295   Thumb Code    18  stm32f10x_tim.o(i.TIM_SetIC3Prescaler)
    TIM_SetIC4Prescaler                      0x080022a7   Thumb Code    26  stm32f10x_tim.o(i.TIM_SetIC4Prescaler)
    TIM_TimeBaseInit                         0x080022c1   Thumb Code   122  stm32f10x_tim.o(i.TIM_TimeBaseInit)
    TIM_TimeBaseStructInit                   0x08002365   Thumb Code    18  stm32f10x_tim.o(i.TIM_TimeBaseStructInit)
    Timer_Init                               0x08002379   Thumb Code   120  timer.o(i.Timer_Init)
    USART2_IRQHandler                        0x080023f5   Thumb Code   140  serial.o(i.USART2_IRQHandler)
    USART_ClearITPendingBit                  0x08002495   Thumb Code    30  stm32f10x_usart.o(i.USART_ClearITPendingBit)
    USART_Cmd                                0x080024b3   Thumb Code    24  stm32f10x_usart.o(i.USART_Cmd)
    USART_GetFlagStatus                      0x080024cb   Thumb Code    26  stm32f10x_usart.o(i.USART_GetFlagStatus)
    USART_GetITStatus                        0x080024e5   Thumb Code    84  stm32f10x_usart.o(i.USART_GetITStatus)
    USART_ITConfig                           0x08002539   Thumb Code    74  stm32f10x_usart.o(i.USART_ITConfig)
    USART_Init                               0x08002585   Thumb Code   210  stm32f10x_usart.o(i.USART_Init)
    USART_ReceiveData                        0x0800265d   Thumb Code    10  stm32f10x_usart.o(i.USART_ReceiveData)
    USART_SendData                           0x08002667   Thumb Code     8  stm32f10x_usart.o(i.USART_SendData)
    UsageFault_Handler                       0x0800266f   Thumb Code     4  stm32f10x_it.o(i.UsageFault_Handler)
    __0vsprintf                              0x08002675   Thumb Code    30  printfa.o(i.__0vsprintf)
    __1vsprintf                              0x08002675   Thumb Code     0  printfa.o(i.__0vsprintf)
    __2vsprintf                              0x08002675   Thumb Code     0  printfa.o(i.__0vsprintf)
    __c89vsprintf                            0x08002675   Thumb Code     0  printfa.o(i.__0vsprintf)
    vsprintf                                 0x08002675   Thumb Code     0  printfa.o(i.__0vsprintf)
    __ARM_fpclassifyf                        0x08002699   Thumb Code    38  fpclassifyf.o(i.__ARM_fpclassifyf)
    __mathlib_flt_infnan                     0x080026bf   Thumb Code     6  funder.o(i.__mathlib_flt_infnan)
    __mathlib_flt_infnan2                    0x080026c5   Thumb Code     4  funder.o(i.__mathlib_flt_infnan2)
    __mathlib_flt_invalid                    0x080026c9   Thumb Code     8  funder.o(i.__mathlib_flt_invalid)
    __mathlib_flt_underflow                  0x080026d1   Thumb Code    10  funder.o(i.__mathlib_flt_underflow)
    __scatterload_copy                       0x080026db   Thumb Code    14  handlers.o(i.__scatterload_copy)
    __scatterload_null                       0x080026e9   Thumb Code     2  handlers.o(i.__scatterload_null)
    __scatterload_zeroinit                   0x080026eb   Thumb Code    14  handlers.o(i.__scatterload_zeroinit)
    __set_errno                              0x080026f9   Thumb Code     6  errno.o(i.__set_errno)
    asinf                                    0x08002fc1   Thumb Code   254  asinf.o(i.asinf)
    atan2f                                   0x080030e5   Thumb Code   528  atan2f.o(i.atan2f)
    begin                                    0x08003341   Thumb Code    20  madgwickahrs.o(i.begin)
    computeAngles                            0x08003359   Thumb Code   244  madgwickahrs.o(i.computeAngles)
    dataGetAndFilter                         0x0800346d   Thumb Code   104  main.o(i.dataGetAndFilter)
    dataGetERROR                             0x080034dd   Thumb Code   206  main.o(i.dataGetERROR)
    getMPU6050Data                           0x080035c1   Thumb Code   358  main.o(i.getMPU6050Data)
    getPitch                                 0x08003755   Thumb Code    24  madgwickahrs.o(i.getPitch)
    getRoll                                  0x08003779   Thumb Code    24  madgwickahrs.o(i.getRoll)
    getYaw                                   0x0800379d   Thumb Code    32  madgwickahrs.o(i.getYaw)
    gpio_init                                0x080037cd   Thumb Code   102  gray_track.o(i.gpio_init)
    gray_init                                0x08003849   Thumb Code    56  gray_track.o(i.gray_init)
    initEncoder                              0x08003889   Thumb Code    56  encoder.o(i.initEncoder)
    initPID                                  0x080038c1   Thumb Code    30  pid.o(i.initPID)
    limit                                    0x08003951   Thumb Code    52  pid.o(i.limit)
    main                                     0x08003985   Thumb Code   572  main.o(i.main)
    motor_target_set                         0x08003c4d   Thumb Code    24  motor.o(i.motor_target_set)
    myCarControlCodeInit                     0x08003c6d   Thumb Code   112  main.o(i.myCarControlCodeInit)
    setPIDParam                              0x08003cfd   Thumb Code     8  pid.o(i.setPIDParam)
    setPIDTarget                             0x08003d05   Thumb Code     4  pid.o(i.setPIDTarget)
    sqrtf                                    0x08003d09   Thumb Code    44  sqrtf.o(i.sqrtf)
    updateEncoderLoopSimpleVersion           0x08003d35   Thumb Code   412  encoder.o(i.updateEncoderLoopSimpleVersion)
    updateIMU                                0x08003ee9   Thumb Code  1474  madgwickahrs.o(i.updateIMU)
    updatePID                                0x080044c9   Thumb Code   112  pid.o(i.updatePID)
    OLED_F8x16                               0x08004538   Data        1520  oled.o(.constdata)
    Region$$Table$$Base                      0x08004b38   Number         0  anon$$obj.o(Region$$Table)
    Region$$Table$$Limit                     0x08004b58   Number         0  anon$$obj.o(Region$$Table)
    overflow_count_TIM2                      0x20000014   Data           4  encoder.o(.data)
    overflow_count_TIM4                      0x20000018   Data           4  encoder.o(.data)
    Serial_RxFlag                            0x2000001c   Data           1  serial.o(.data)
    beta                                     0x20000020   Data           4  madgwickahrs.o(.data)
    q0                                       0x20000024   Data           4  madgwickahrs.o(.data)
    q1                                       0x20000028   Data           4  madgwickahrs.o(.data)
    q2                                       0x2000002c   Data           4  madgwickahrs.o(.data)
    q3                                       0x20000030   Data           4  madgwickahrs.o(.data)
    invSampleFreq                            0x20000034   Data           4  madgwickahrs.o(.data)
    roll                                     0x20000038   Data           4  madgwickahrs.o(.data)
    pitch                                    0x2000003c   Data           4  madgwickahrs.o(.data)
    yaw                                      0x20000040   Data           4  madgwickahrs.o(.data)
    anglesComputed                           0x20000044   Data           1  madgwickahrs.o(.data)
    KeyNum                                   0x20000048   Data           1  main.o(.data)
    KeyNumMenu                               0x20000049   Data           1  main.o(.data)
    KeyNumMenuTotal                          0x2000004a   Data           1  main.o(.data)
    MenuFlag                                 0x2000004b   Data           1  main.o(.data)
    LastKeyNumMenu                           0x2000004c   Data           1  main.o(.data)
    LastMenuFlag                             0x2000004d   Data           1  main.o(.data)
    Speed                                    0x2000004e   Data           2  main.o(.data)
    AX                                       0x20000050   Data           2  main.o(.data)
    AY                                       0x20000052   Data           2  main.o(.data)
    AZ                                       0x20000054   Data           2  main.o(.data)
    GX                                       0x20000056   Data           2  main.o(.data)
    GY                                       0x20000058   Data           2  main.o(.data)
    GZ                                       0x2000005a   Data           2  main.o(.data)
    millis                                   0x20000060   Data           8  main.o(.data)
    ID                                       0x20000068   Data           1  main.o(.data)
    mpu6050                                  0x20000070   Data          40  main.o(.data)
    Serial_RxPacket                          0x2000009c   Data         100  serial.o(.bss)
    ecd_left                                 0x20000100   Data          80  main.o(.bss)
    ecd_right                                0x20000150   Data          80  main.o(.bss)
    vec_left                                 0x200001a0   Data          44  main.o(.bss)
    vec_right                                0x200001cc   Data          44  main.o(.bss)
    msg                                      0x200001f8   Data          24  main.o(.bss)
    __initial_sp                             0x20000610   Data           0  startup_stm32f10x_hd.o(STACK)



==============================================================================

Memory Map of the image

  Image Entry point : 0x08000131

  Load Region LR_IROM1 (Base: 0x08000000, Size: 0x00004bf4, Max: 0x00040000, ABSOLUTE)

    Execution Region ER_IROM1 (Exec base: 0x08000000, Load base: 0x08000000, Size: 0x00004b58, Max: 0x00040000, ABSOLUTE)

    Exec Addr    Load Addr    Size         Type   Attr      Idx    E Section Name        Object

    0x08000000   0x08000000   0x00000130   Data   RO            3    RESET               startup_stm32f10x_hd.o
    0x08000130   0x08000130   0x00000000   Code   RO         4062  * .ARM.Collect$$$$00000000  mc_w.l(entry.o)
    0x08000130   0x08000130   0x00000004   Code   RO         4147    .ARM.Collect$$$$00000001  mc_w.l(entry2.o)
    0x08000134   0x08000134   0x00000004   Code   RO         4150    .ARM.Collect$$$$00000004  mc_w.l(entry5.o)
    0x08000138   0x08000138   0x00000000   Code   RO         4152    .ARM.Collect$$$$00000008  mc_w.l(entry7b.o)
    0x08000138   0x08000138   0x00000000   Code   RO         4154    .ARM.Collect$$$$0000000A  mc_w.l(entry8b.o)
    0x08000138   0x08000138   0x00000008   Code   RO         4155    .ARM.Collect$$$$0000000B  mc_w.l(entry9a.o)
    0x08000140   0x08000140   0x00000000   Code   RO         4157    .ARM.Collect$$$$0000000D  mc_w.l(entry10a.o)
    0x08000140   0x08000140   0x00000000   Code   RO         4159    .ARM.Collect$$$$0000000F  mc_w.l(entry11a.o)
    0x08000140   0x08000140   0x00000004   Code   RO         4148    .ARM.Collect$$$$00002712  mc_w.l(entry2.o)
    0x08000144   0x08000144   0x00000024   Code   RO            4    .text               startup_stm32f10x_hd.o
    0x08000168   0x08000168   0x000000b0   Code   RO         4097    .text               mf_w.l(fadd.o)
    0x08000218   0x08000218   0x00000064   Code   RO         4099    .text               mf_w.l(fmul.o)
    0x0800027c   0x0800027c   0x0000007c   Code   RO         4101    .text               mf_w.l(fdiv.o)
    0x080002f8   0x080002f8   0x0000014e   Code   RO         4103    .text               mf_w.l(dadd.o)
    0x08000446   0x08000446   0x000000e4   Code   RO         4105    .text               mf_w.l(dmul.o)
    0x0800052a   0x0800052a   0x000000de   Code   RO         4107    .text               mf_w.l(ddiv.o)
    0x08000608   0x08000608   0x00000012   Code   RO         4109    .text               mf_w.l(fflti.o)
    0x0800061a   0x0800061a   0x0000000a   Code   RO         4111    .text               mf_w.l(ffltui.o)
    0x08000624   0x08000624   0x0000002c   Code   RO         4113    .text               mf_w.l(ffltl.o)
    0x08000650   0x08000650   0x0000001a   Code   RO         4115    .text               mf_w.l(dfltui.o)
    0x0800066a   0x0800066a   0x00000028   Code   RO         4117    .text               mf_w.l(dfltl.o)
    0x08000692   0x08000692   0x00000032   Code   RO         4119    .text               mf_w.l(ffixi.o)
    0x080006c4   0x080006c4   0x00000028   Code   RO         4121    .text               mf_w.l(ffixui.o)
    0x080006ec   0x080006ec   0x00000026   Code   RO         4123    .text               mf_w.l(f2d.o)
    0x08000712   0x08000712   0x00000038   Code   RO         4125    .text               mf_w.l(d2f.o)
    0x0800074a   0x0800074a   0x00000002   PAD
    0x0800074c   0x0800074c   0x00000014   Code   RO         4127    .text               mf_w.l(cfcmple.o)
    0x08000760   0x08000760   0x00000014   Code   RO         4129    .text               mf_w.l(cfrcmple.o)
    0x08000774   0x08000774   0x0000002c   Code   RO         4162    .text               mc_w.l(uidiv.o)
    0x080007a0   0x080007a0   0x00000062   Code   RO         4164    .text               mc_w.l(uldiv.o)
    0x08000802   0x08000802   0x0000001e   Code   RO         4166    .text               mc_w.l(llshl.o)
    0x08000820   0x08000820   0x00000024   Code   RO         4168    .text               mc_w.l(llsshr.o)
    0x08000844   0x08000844   0x00000000   Code   RO         4177    .text               mc_w.l(iusefp.o)
    0x08000844   0x08000844   0x0000006e   Code   RO         4178    .text               mf_w.l(fepilogue.o)
    0x080008b2   0x080008b2   0x00000018   Code   RO         4180    .text               mf_w.l(fscalb.o)
    0x080008ca   0x080008ca   0x0000005e   Code   RO         4182    .text               mf_w.l(fsqrt.o)
    0x08000928   0x08000928   0x000000ba   Code   RO         4184    .text               mf_w.l(depilogue.o)
    0x080009e2   0x080009e2   0x00000030   Code   RO         4186    .text               mf_w.l(dfixul.o)
    0x08000a12   0x08000a12   0x00000002   PAD
    0x08000a14   0x08000a14   0x00000030   Code   RO         4188    .text               mf_w.l(cdrcmple.o)
    0x08000a44   0x08000a44   0x00000024   Code   RO         4190    .text               mc_w.l(init.o)
    0x08000a68   0x08000a68   0x00000020   Code   RO         4192    .text               mc_w.l(llushr.o)
    0x08000a88   0x08000a88   0x00000004   Code   RO         3975    i.BusFault_Handler  stm32f10x_it.o
    0x08000a8c   0x08000a8c   0x00000002   Code   RO         3976    i.DebugMon_Handler  stm32f10x_it.o
    0x08000a8e   0x08000a8e   0x00000018   Code   RO         3196    i.Delay_ms          delay.o
    0x08000aa6   0x08000aa6   0x0000002e   Code   RO         3198    i.Delay_us          delay.o
    0x08000ad4   0x08000ad4   0x00000018   Code   RO         3449    i.Encoder_Get       encoder.o
    0x08000aec   0x08000aec   0x000000a0   Code   RO         3450    i.Encoder_Init_TIM2  encoder.o
    0x08000b8c   0x08000b8c   0x000000a8   Code   RO         3451    i.Encoder_Init_TIM4  encoder.o
    0x08000c34   0x08000c34   0x0000000c   Code   RO         3452    i.Encoder_Init_TIM_All  encoder.o
    0x08000c40   0x08000c40   0x00000100   Code   RO         3875    i.EularPrint        main.o
    0x08000d40   0x08000d40   0x00000116   Code   RO         1347    i.GPIO_Init         stm32f10x_gpio.o
    0x08000e56   0x08000e56   0x00000002   PAD
    0x08000e58   0x08000e58   0x00000090   Code   RO         1349    i.GPIO_PinRemapConfig  stm32f10x_gpio.o
    0x08000ee8   0x08000ee8   0x00000012   Code   RO         1351    i.GPIO_ReadInputDataBit  stm32f10x_gpio.o
    0x08000efa   0x08000efa   0x00000004   Code   RO         1354    i.GPIO_ResetBits    stm32f10x_gpio.o
    0x08000efe   0x08000efe   0x00000004   Code   RO         1355    i.GPIO_SetBits      stm32f10x_gpio.o
    0x08000f02   0x08000f02   0x0000000a   Code   RO         1358    i.GPIO_WriteBit     stm32f10x_gpio.o
    0x08000f0c   0x08000f0c   0x00000004   Code   RO         3977    i.HardFault_Handler  stm32f10x_it.o
    0x08000f10   0x08000f10   0x0000008c   Code   RO         3428    i.Key_GetNum        key.o
    0x08000f9c   0x08000f9c   0x0000006c   Code   RO         3429    i.Key_Init          key.o
    0x08001008   0x08001008   0x000000ac   Code   RO         3686    i.MPU6050_GetData   mpu6050.o
    0x080010b4   0x080010b4   0x00000038   Code   RO         3688    i.MPU6050_Init      mpu6050.o
    0x080010ec   0x080010ec   0x0000003e   Code   RO         3689    i.MPU6050_ReadReg   mpu6050.o
    0x0800112a   0x0800112a   0x0000002e   Code   RO         3690    i.MPU6050_WriteReg  mpu6050.o
    0x08001158   0x08001158   0x00000004   Code   RO         3978    i.MemManage_Handler  stm32f10x_it.o
    0x0800115c   0x0800115c   0x00000040   Code   RO         3358    i.Motor_Init        motor.o
    0x0800119c   0x0800119c   0x00000048   Code   RO         3360    i.Motor_SetSpeedA   motor.o
    0x080011e4   0x080011e4   0x00000048   Code   RO         3361    i.Motor_SetSpeedB   motor.o
    0x0800122c   0x0800122c   0x00000038   Code   RO         3728    i.MyI2C_Init        myi2c.o
    0x08001264   0x08001264   0x0000001c   Code   RO         3729    i.MyI2C_R_SDA       myi2c.o
    0x08001280   0x08001280   0x0000001e   Code   RO         3730    i.MyI2C_ReceiveAck  myi2c.o
    0x0800129e   0x0800129e   0x00000034   Code   RO         3731    i.MyI2C_ReceiveByte  myi2c.o
    0x080012d2   0x080012d2   0x00000018   Code   RO         3732    i.MyI2C_SendAck     myi2c.o
    0x080012ea   0x080012ea   0x0000002a   Code   RO         3733    i.MyI2C_SendByte    myi2c.o
    0x08001314   0x08001314   0x0000001c   Code   RO         3734    i.MyI2C_Start       myi2c.o
    0x08001330   0x08001330   0x00000016   Code   RO         3735    i.MyI2C_Stop        myi2c.o
    0x08001346   0x08001346   0x00000002   PAD
    0x08001348   0x08001348   0x0000001c   Code   RO         3736    i.MyI2C_W_SCL       myi2c.o
    0x08001364   0x08001364   0x0000001c   Code   RO         3737    i.MyI2C_W_SDA       myi2c.o
    0x08001380   0x08001380   0x00000002   Code   RO         3979    i.NMI_Handler       stm32f10x_it.o
    0x08001382   0x08001382   0x00000002   PAD
    0x08001384   0x08001384   0x00000070   Code   RO          137    i.NVIC_Init         misc.o
    0x080013f4   0x080013f4   0x00000014   Code   RO          138    i.NVIC_PriorityGroupConfig  misc.o
    0x08001408   0x08001408   0x0000002a   Code   RO         3220    i.OLED_Clear        oled.o
    0x08001432   0x08001432   0x00000002   PAD
    0x08001434   0x08001434   0x0000005c   Code   RO         3221    i.OLED_I2C_Init     oled.o
    0x08001490   0x08001490   0x00000058   Code   RO         3222    i.OLED_I2C_SendByte  oled.o
    0x080014e8   0x080014e8   0x00000038   Code   RO         3223    i.OLED_I2C_Start    oled.o
    0x08001520   0x08001520   0x0000002c   Code   RO         3224    i.OLED_I2C_Stop     oled.o
    0x0800154c   0x0800154c   0x000000ae   Code   RO         3225    i.OLED_Init         oled.o
    0x080015fa   0x080015fa   0x00000014   Code   RO         3226    i.OLED_Pow          oled.o
    0x0800160e   0x0800160e   0x00000022   Code   RO         3227    i.OLED_SetCursor    oled.o
    0x08001630   0x08001630   0x00000074   Code   RO         3229    i.OLED_ShowChar     oled.o
    0x080016a4   0x080016a4   0x00000044   Code   RO         3231    i.OLED_ShowNum      oled.o
    0x080016e8   0x080016e8   0x00000066   Code   RO         3232    i.OLED_ShowSignedNum  oled.o
    0x0800174e   0x0800174e   0x00000028   Code   RO         3233    i.OLED_ShowString   oled.o
    0x08001776   0x08001776   0x00000020   Code   RO         3234    i.OLED_WriteCommand  oled.o
    0x08001796   0x08001796   0x00000020   Code   RO         3235    i.OLED_WriteData    oled.o
    0x080017b6   0x080017b6   0x00000002   PAD
    0x080017b8   0x080017b8   0x000000ac   Code   RO         3404    i.PWM_Init          pwm.o
    0x08001864   0x08001864   0x00000014   Code   RO         3405    i.PWM_SetCompare1   pwm.o
    0x08001878   0x08001878   0x00000014   Code   RO         3406    i.PWM_SetCompare2   pwm.o
    0x0800188c   0x0800188c   0x00000002   Code   RO         3980    i.PendSV_Handler    stm32f10x_it.o
    0x0800188e   0x0800188e   0x00000002   PAD
    0x08001890   0x08001890   0x00000020   Code   RO         1775    i.RCC_APB1PeriphClockCmd  stm32f10x_rcc.o
    0x080018b0   0x080018b0   0x00000020   Code   RO         1777    i.RCC_APB2PeriphClockCmd  stm32f10x_rcc.o
    0x080018d0   0x080018d0   0x000000d4   Code   RO         1785    i.RCC_GetClocksFreq  stm32f10x_rcc.o
    0x080019a4   0x080019a4   0x00000002   Code   RO         3981    i.SVC_Handler       stm32f10x_it.o
    0x080019a6   0x080019a6   0x00000002   PAD
    0x080019a8   0x080019a8   0x000000b4   Code   RO         3572    i.Serial_Init       serial.o
    0x08001a5c   0x08001a5c   0x00000024   Code   RO         3574    i.Serial_Printf     serial.o
    0x08001a80   0x08001a80   0x00000020   Code   RO         3576    i.Serial_SendByte   serial.o
    0x08001aa0   0x08001aa0   0x0000001a   Code   RO         3578    i.Serial_SendString  serial.o
    0x08001aba   0x08001aba   0x00000008   Code   RO           24    i.SetSysClock       system_stm32f10x.o
    0x08001ac2   0x08001ac2   0x00000002   PAD
    0x08001ac4   0x08001ac4   0x000000e0   Code   RO           25    i.SetSysClockTo72   system_stm32f10x.o
    0x08001ba4   0x08001ba4   0x00000002   Code   RO         3982    i.SysTick_Handler   stm32f10x_it.o
    0x08001ba6   0x08001ba6   0x00000002   PAD
    0x08001ba8   0x08001ba8   0x00000060   Code   RO           27    i.SystemInit        system_stm32f10x.o
    0x08001c08   0x08001c08   0x00000080   Code   RO         2405    i.TI1_Config        stm32f10x_tim.o
    0x08001c88   0x08001c88   0x00000098   Code   RO         2406    i.TI2_Config        stm32f10x_tim.o
    0x08001d20   0x08001d20   0x00000090   Code   RO         2407    i.TI3_Config        stm32f10x_tim.o
    0x08001db0   0x08001db0   0x00000098   Code   RO         2408    i.TI4_Config        stm32f10x_tim.o
    0x08001e48   0x08001e48   0x00000070   Code   RO         3877    i.TIM1_UP_IRQHandler  main.o
    0x08001eb8   0x08001eb8   0x0000002c   Code   RO         3454    i.TIM2_IRQHandler   encoder.o
    0x08001ee4   0x08001ee4   0x0000002c   Code   RO         3455    i.TIM4_IRQHandler   encoder.o
    0x08001f10   0x08001f10   0x00000060   Code   RO         3515    i.TIM8_Init         timer.o
    0x08001f70   0x08001f70   0x00000030   Code   RO         3878    i.TIM8_UP_IRQHandler  main.o
    0x08001fa0   0x08001fa0   0x00000006   Code   RO         2415    i.TIM_ClearFlag     stm32f10x_tim.o
    0x08001fa6   0x08001fa6   0x00000006   Code   RO         2416    i.TIM_ClearITPendingBit  stm32f10x_tim.o
    0x08001fac   0x08001fac   0x00000018   Code   RO         2421    i.TIM_Cmd           stm32f10x_tim.o
    0x08001fc4   0x08001fc4   0x00000042   Code   RO         2430    i.TIM_EncoderInterfaceConfig  stm32f10x_tim.o
    0x08002006   0x08002006   0x00000006   Code   RO         2440    i.TIM_GetCounter    stm32f10x_tim.o
    0x0800200c   0x0800200c   0x00000022   Code   RO         2442    i.TIM_GetITStatus   stm32f10x_tim.o
    0x0800202e   0x0800202e   0x00000002   PAD
    0x08002030   0x08002030   0x000000ac   Code   RO         2444    i.TIM_ICInit        stm32f10x_tim.o
    0x080020dc   0x080020dc   0x00000012   Code   RO         2445    i.TIM_ICStructInit  stm32f10x_tim.o
    0x080020ee   0x080020ee   0x00000012   Code   RO         2446    i.TIM_ITConfig      stm32f10x_tim.o
    0x08002100   0x08002100   0x0000000c   Code   RO         2448    i.TIM_InternalClockConfig  stm32f10x_tim.o
    0x0800210c   0x0800210c   0x00000098   Code   RO         2450    i.TIM_OC1Init       stm32f10x_tim.o
    0x080021a4   0x080021a4   0x000000a4   Code   RO         2455    i.TIM_OC2Init       stm32f10x_tim.o
    0x08002248   0x08002248   0x00000014   Code   RO         2468    i.TIM_OCStructInit  stm32f10x_tim.o
    0x0800225c   0x0800225c   0x00000004   Code   RO         2482    i.TIM_SetCompare1   stm32f10x_tim.o
    0x08002260   0x08002260   0x00000004   Code   RO         2483    i.TIM_SetCompare2   stm32f10x_tim.o
    0x08002264   0x08002264   0x00000004   Code   RO         2486    i.TIM_SetCounter    stm32f10x_tim.o
    0x08002268   0x08002268   0x00000012   Code   RO         2487    i.TIM_SetIC1Prescaler  stm32f10x_tim.o
    0x0800227a   0x0800227a   0x0000001a   Code   RO         2488    i.TIM_SetIC2Prescaler  stm32f10x_tim.o
    0x08002294   0x08002294   0x00000012   Code   RO         2489    i.TIM_SetIC3Prescaler  stm32f10x_tim.o
    0x080022a6   0x080022a6   0x0000001a   Code   RO         2490    i.TIM_SetIC4Prescaler  stm32f10x_tim.o
    0x080022c0   0x080022c0   0x000000a4   Code   RO         2492    i.TIM_TimeBaseInit  stm32f10x_tim.o
    0x08002364   0x08002364   0x00000012   Code   RO         2493    i.TIM_TimeBaseStructInit  stm32f10x_tim.o
    0x08002376   0x08002376   0x00000002   PAD
    0x08002378   0x08002378   0x0000007c   Code   RO         3516    i.Timer_Init        timer.o
    0x080023f4   0x080023f4   0x000000a0   Code   RO         3579    i.USART2_IRQHandler  serial.o
    0x08002494   0x08002494   0x0000001e   Code   RO         2957    i.USART_ClearITPendingBit  stm32f10x_usart.o
    0x080024b2   0x080024b2   0x00000018   Code   RO         2960    i.USART_Cmd         stm32f10x_usart.o
    0x080024ca   0x080024ca   0x0000001a   Code   RO         2963    i.USART_GetFlagStatus  stm32f10x_usart.o
    0x080024e4   0x080024e4   0x00000054   Code   RO         2964    i.USART_GetITStatus  stm32f10x_usart.o
    0x08002538   0x08002538   0x0000004a   Code   RO         2966    i.USART_ITConfig    stm32f10x_usart.o
    0x08002582   0x08002582   0x00000002   PAD
    0x08002584   0x08002584   0x000000d8   Code   RO         2967    i.USART_Init        stm32f10x_usart.o
    0x0800265c   0x0800265c   0x0000000a   Code   RO         2974    i.USART_ReceiveData  stm32f10x_usart.o
    0x08002666   0x08002666   0x00000008   Code   RO         2977    i.USART_SendData    stm32f10x_usart.o
    0x0800266e   0x0800266e   0x00000004   Code   RO         3983    i.UsageFault_Handler  stm32f10x_it.o
    0x08002672   0x08002672   0x00000002   PAD
    0x08002674   0x08002674   0x00000024   Code   RO         4076    i.__0vsprintf       mc_w.l(printfa.o)
    0x08002698   0x08002698   0x00000026   Code   RO         4131    i.__ARM_fpclassifyf  m_ws.l(fpclassifyf.o)
    0x080026be   0x080026be   0x00000006   Code   RO         4134    i.__mathlib_flt_infnan  m_ws.l(funder.o)
    0x080026c4   0x080026c4   0x00000004   Code   RO         4135    i.__mathlib_flt_infnan2  m_ws.l(funder.o)
    0x080026c8   0x080026c8   0x00000008   Code   RO         4136    i.__mathlib_flt_invalid  m_ws.l(funder.o)
    0x080026d0   0x080026d0   0x0000000a   Code   RO         4139    i.__mathlib_flt_underflow  m_ws.l(funder.o)
    0x080026da   0x080026da   0x0000000e   Code   RO         4196    i.__scatterload_copy  mc_w.l(handlers.o)
    0x080026e8   0x080026e8   0x00000002   Code   RO         4197    i.__scatterload_null  mc_w.l(handlers.o)
    0x080026ea   0x080026ea   0x0000000e   Code   RO         4198    i.__scatterload_zeroinit  mc_w.l(handlers.o)
    0x080026f8   0x080026f8   0x0000000c   Code   RO         4172    i.__set_errno       mc_w.l(errno.o)
    0x08002704   0x08002704   0x00000184   Code   RO         4077    i._fp_digits        mc_w.l(printfa.o)
    0x08002888   0x08002888   0x000006dc   Code   RO         4078    i._printf_core      mc_w.l(printfa.o)
    0x08002f64   0x08002f64   0x00000024   Code   RO         4079    i._printf_post_padding  mc_w.l(printfa.o)
    0x08002f88   0x08002f88   0x0000002e   Code   RO         4080    i._printf_pre_padding  mc_w.l(printfa.o)
    0x08002fb6   0x08002fb6   0x0000000a   Code   RO         4082    i._sputc            mc_w.l(printfa.o)
    0x08002fc0   0x08002fc0   0x00000124   Code   RO         4039    i.asinf             m_ws.l(asinf.o)
    0x080030e4   0x080030e4   0x0000025c   Code   RO         4047    i.atan2f            m_ws.l(atan2f.o)
    0x08003340   0x08003340   0x00000018   Code   RO         3794    i.begin             madgwickahrs.o
    0x08003358   0x08003358   0x00000114   Code   RO         3795    i.computeAngles     madgwickahrs.o
    0x0800346c   0x0800346c   0x00000070   Code   RO         3879    i.dataGetAndFilter  main.o
    0x080034dc   0x080034dc   0x000000e4   Code   RO         3880    i.dataGetERROR      main.o
    0x080035c0   0x080035c0   0x00000194   Code   RO         3881    i.getMPU6050Data    main.o
    0x08003754   0x08003754   0x00000024   Code   RO         3796    i.getPitch          madgwickahrs.o
    0x08003778   0x08003778   0x00000024   Code   RO         3798    i.getRoll           madgwickahrs.o
    0x0800379c   0x0800379c   0x00000030   Code   RO         3800    i.getYaw            madgwickahrs.o
    0x080037cc   0x080037cc   0x0000007c   Code   RO         3645    i.gpio_init         gray_track.o
    0x08003848   0x08003848   0x00000040   Code   RO         3646    i.gray_init         gray_track.o
    0x08003888   0x08003888   0x00000038   Code   RO         3456    i.initEncoder       encoder.o
    0x080038c0   0x080038c0   0x0000001e   Code   RO         3536    i.initPID           pid.o
    0x080038de   0x080038de   0x00000002   PAD
    0x080038e0   0x080038e0   0x00000070   Code   RO         3802    i.invSqrt           madgwickahrs.o
    0x08003950   0x08003950   0x00000034   Code   RO         3537    i.limit             pid.o
    0x08003984   0x08003984   0x000002c8   Code   RO         3882    i.main              main.o
    0x08003c4c   0x08003c4c   0x00000020   Code   RO         3362    i.motor_target_set  motor.o
    0x08003c6c   0x08003c6c   0x00000090   Code   RO         3883    i.myCarControlCodeInit  main.o
    0x08003cfc   0x08003cfc   0x00000008   Code   RO         3538    i.setPIDParam       pid.o
    0x08003d04   0x08003d04   0x00000004   Code   RO         3539    i.setPIDTarget      pid.o
    0x08003d08   0x08003d08   0x0000002c   Code   RO         4055    i.sqrtf             m_ws.l(sqrtf.o)
    0x08003d34   0x08003d34   0x000001b4   Code   RO         3457    i.updateEncoderLoopSimpleVersion  encoder.o
    0x08003ee8   0x08003ee8   0x000005e0   Code   RO         3804    i.updateIMU         madgwickahrs.o
    0x080044c8   0x080044c8   0x00000070   Code   RO         3540    i.updatePID         pid.o
    0x08004538   0x08004538   0x000005f0   Data   RO         3236    .constdata          oled.o
    0x08004b28   0x08004b28   0x00000010   Data   RO         3885    .constdata          main.o
    0x08004b38   0x08004b38   0x00000020   Data   RO         4194    Region$$Table       anon$$obj.o


    Execution Region RW_IRAM1 (Exec base: 0x20000000, Load base: 0x08004b58, Size: 0x00000610, Max: 0x0000c000, ABSOLUTE)

    Exec Addr    Load Addr    Size         Type   Attr      Idx    E Section Name        Object

    0x20000000   0x08004b58   0x00000014   Data   RW         1805    .data               stm32f10x_rcc.o
    0x20000014   0x08004b6c   0x00000008   Data   RW         3458    .data               encoder.o
    0x2000001c   0x08004b74   0x00000003   Data   RW         3582    .data               serial.o
    0x2000001f   0x08004b77   0x00000001   PAD
    0x20000020   0x08004b78   0x00000025   Data   RW         3805    .data               madgwickahrs.o
    0x20000045   0x08004b9d   0x00000003   PAD
    0x20000048   0x08004ba0   0x00000050   Data   RW         3886    .data               main.o
    0x20000098   0x08004bf0   0x00000004   Data   RW         4173    .data               mc_w.l(errno.o)
    0x2000009c        -       0x00000064   Zero   RW         3581    .bss                serial.o
    0x20000100        -       0x00000110   Zero   RW         3884    .bss                main.o
    0x20000210        -       0x00000400   Zero   RW            1    STACK               startup_stm32f10x_hd.o


==============================================================================

Image component sizes


      Code (inc. data)   RO Data    RW Data    ZI Data      Debug   Object Name

         0          0          0          0          0       4508   core_cm3.o
        70          0          0          0          0        882   delay.o
       944         54          0          8          0       4842   encoder.o
       188         30          0          0          0       1408   gray_track.o
       248         28          0          0          0        992   key.o
      2036        130          0         37          0       5077   madgwickahrs.o
      2016        310         16         80        272       6341   main.o
       132         22          0          0          0     206031   misc.o
       240         24          0          0          0       3164   motor.o
       336          0          0          0          0       2646   mpu6050.o
       338         18          0          0          0       4626   myi2c.o
       940         38       1520          0          0       7910   oled.o
       206          0          0          0          0       2843   pid.o
       212         22          0          0          0       1531   pwm.o
       434         32          0          3        100       3924   serial.o
        36          8        304          0       1024        792   startup_stm32f10x_hd.o
         0          0          0          0          0       1636   stm32f10x_adc.o
       458          6          0          0          0      12950   stm32f10x_gpio.o
        26          0          0          0          0       3530   stm32f10x_it.o
       276         32          0         20          0      12830   stm32f10x_rcc.o
      1556        180          0          0          0      35243   stm32f10x_tim.o
       472          6          0          0          0      12255   stm32f10x_usart.o
       328         28          0          0          0      45033   system_stm32f10x.o
       220         10          0          0          0       1053   timer.o

    ----------------------------------------------------------------------
     11740        978       1872        152       1396     382047   Object Totals
         0          0         32          0          0          0   (incl. Generated)
        28          0          0          4          0          0   (incl. Padding)

    ----------------------------------------------------------------------

      Code (inc. data)   RO Data    RW Data    ZI Data      Debug   Library Member Name

       292         38          0          0          0        120   asinf.o
       604         76          0          0          0        116   atan2f.o
        38          0          0          0          0         68   fpclassifyf.o
        28          0          0          0          0        272   funder.o
        44          0          0          0          0         80   sqrtf.o
         0          0          0          0          0          0   entry.o
         0          0          0          0          0          0   entry10a.o
         0          0          0          0          0          0   entry11a.o
         8          4          0          0          0          0   entry2.o
         4          0          0          0          0          0   entry5.o
         0          0          0          0          0          0   entry7b.o
         0          0          0          0          0          0   entry8b.o
         8          4          0          0          0          0   entry9a.o
        12          6          0          4          0         68   errno.o
        30          0          0          0          0          0   handlers.o
        36          8          0          0          0         68   init.o
         0          0          0          0          0          0   iusefp.o
        30          0          0          0          0         68   llshl.o
        36          0          0          0          0         68   llsshr.o
        32          0          0          0          0         68   llushr.o
      2272         86          0          0          0        516   printfa.o
        44          0          0          0          0         80   uidiv.o
        98          0          0          0          0         92   uldiv.o
        48          0          0          0          0         68   cdrcmple.o
        20          0          0          0          0         68   cfcmple.o
        20          0          0          0          0         68   cfrcmple.o
        56          0          0          0          0         88   d2f.o
       334          0          0          0          0        148   dadd.o
       222          0          0          0          0        100   ddiv.o
       186          0          0          0          0        176   depilogue.o
        48          0          0          0          0         68   dfixul.o
        40          0          0          0          0         80   dfltl.o
        26          0          0          0          0         76   dfltui.o
       228          0          0          0          0         96   dmul.o
        38          0          0          0          0         68   f2d.o
       176          0          0          0          0        140   fadd.o
       124          0          0          0          0         88   fdiv.o
       110          0          0          0          0        168   fepilogue.o
        50          0          0          0          0         68   ffixi.o
        40          0          0          0          0         68   ffixui.o
        18          0          0          0          0         68   fflti.o
        44          0          0          0          0         92   ffltl.o
        10          0          0          0          0         68   ffltui.o
       100          0          0          0          0         76   fmul.o
        24          0          0          0          0         68   fscalb.o
        94          0          0          0          0         96   fsqrt.o

    ----------------------------------------------------------------------
      5676        222          0          4          0       3788   Library Totals
         4          0          0          0          0          0   (incl. Padding)

    ----------------------------------------------------------------------

      Code (inc. data)   RO Data    RW Data    ZI Data      Debug   Library Name

      1006        114          0          0          0        656   m_ws.l
      2610        108          0          4          0       1028   mc_w.l
      2056          0          0          0          0       2104   mf_w.l

    ----------------------------------------------------------------------
      5676        222          0          4          0       3788   Library Totals

    ----------------------------------------------------------------------

==============================================================================


      Code (inc. data)   RO Data    RW Data    ZI Data      Debug   

     17416       1200       1872        156       1396     377095   Grand Totals
     17416       1200       1872        156       1396     377095   ELF Image Totals
     17416       1200       1872        156          0          0   ROM Totals

==============================================================================

    Total RO  Size (Code + RO Data)                19288 (  18.84kB)
    Total RW  Size (RW Data + ZI Data)              1552 (   1.52kB)
    Total ROM Size (Code + RO Data + RW Data)      19444 (  18.99kB)

==============================================================================

